<html>
<body>
<pre>
<h1>µVision Build Log</h1>
<h2>Tool Versions:</h2>
IDE-Version: ¦ÌVision V5.14.0.0
Copyright (C) 2015 ARM Ltd and ARM Germany GmbH. All rights reserved.
License Information: xiao zhou, feng, LIC=X96CK-ZXWYE-II05V-PPK4G-XWRZS-2H2YB
 
Tool Versions:
Toolchain:       MDK-ARM Standard  Version: 5.14.0.0
Toolchain Path:  D:\MDK5\ARM\ARMCC\Bin
C Compiler:      Armcc.exe V5.05 update 1 (build 106)
Assembler:       Armasm.exe V5.05 update 1 (build 106)
Linker/Locator:  ArmLink.exe V5.05 update 1 (build 106)
Library Manager: ArmAr.exe V5.05 update 1 (build 106)
Hex Converter:   FromElf.exe V5.05 update 1 (build 106)
CPU DLL:         SARMCM3.DLL V5.14.0.0
Dialog DLL:      DCM.DLL V1.13.1.0
Target DLL:      CMSIS_AGDI.dll V1.21.0.0
Dialog DLL:      TCM.DLL V1.14.4.0
 
<h2>Project:</h2>
C:\Users\13169\Desktop\OV2640+car\OV2640\USER\OV2640.uvprojx
Project File Date:  07/07/2021

<h2>Output:</h2>
Build target 'OV2640'
compiling main.c...
linking...
Program Size: Code=41506 RO-data=8014 RW-data=128 ZI-data=129640  
FromELF: creating hex file...
"..\OBJ\OV2640.axf" - 0 Error(s), 0 Warning(s).

<h2>Collection of Component include folders:</h2>
  C:\Users\13169\Desktop\OV2640+car\OV2640\USER\RTE
  D:\MDK5\ARM\PACK\Keil\STM32F4xx_DFP\2.15.0

<h2>Collection of Component Files used:</h2>
</pre>
</body>
</html>
