Component: ARM Compiler 5.05 update 1 (build 106) Tool: armlink [4d0efa]

==============================================================================

Section Cross References

    main.o(.text) refers to _printf_percent.o(.ARM.Collect$$_printf_percent$$00000000) for _printf_percent
    main.o(.text) refers to _printf_d.o(.ARM.Collect$$_printf_percent$$00000009) for _printf_d
    main.o(.text) refers to _printf_dec.o(.text) for _printf_int_dec
    main.o(.text) refers to stm32f4xx_dma.o(.text) for DMA_Cmd
    main.o(.text) refers to usart2.o(.text) for usart2_init
    main.o(.text) refers to ov2640.o(.text) for OV2640_JPEG_Mode
    main.o(.text) refers to dcmi.o(.text) for My_DCMI_Init
    main.o(.text) refers to delay.o(.text) for delay_ms
    main.o(.text) refers to __2printf.o(.text) for __2printf
    main.o(.text) refers to misc.o(.text) for NVIC_PriorityGroupConfig
    main.o(.text) refers to usart.o(.text) for uart_init
    main.o(.text) refers to usart3.o(.text) for usart3_init
    main.o(.text) refers to led.o(.text) for LED_Init
    main.o(.text) refers to timer.o(.text) for TIM4_Int_Init
    main.o(.text) refers to moter.o(.text) for MOTOR_Init
    main.o(.text) refers to main.o(.data) for jpeg_data_ok
    main.o(.text) refers to main.o(.bss) for jpeg_buf
    main.o(.text) refers to main.o(.constdata) for jpeg_img_size_tbl
    main.o(.data) refers to main.o(.conststring) for .conststring
    system_stm32f4xx.o(.text) refers to system_stm32f4xx.o(.data) for SystemCoreClock
    led.o(.text) refers to stm32f4xx_rcc.o(.text) for RCC_AHB1PeriphClockCmd
    led.o(.text) refers to stm32f4xx_gpio.o(.text) for GPIO_Init
    lcd.o(.text) refers to _printf_percent.o(.ARM.Collect$$_printf_percent$$00000000) for _printf_percent
    lcd.o(.text) refers to _printf_x.o(.ARM.Collect$$_printf_percent$$0000000C) for _printf_x
    lcd.o(.text) refers to _printf_hex_int_ll_ptr.o(.text) for _printf_longlong_hex
    lcd.o(.text) refers to delay.o(.text) for delay_us
    lcd.o(.text) refers to lcd.o(.bss) for lcddev
    lcd.o(.text) refers to lcd.o(.data) for POINT_COLOR
    lcd.o(.text) refers to dflt_clz.o(x$fpl$dfltu) for __aeabi_ui2d
    lcd.o(.text) refers to dmul.o(x$fpl$dmul) for __aeabi_dmul
    lcd.o(.text) refers to dfixu.o(x$fpl$dfixu) for __aeabi_d2uiz
    lcd.o(.text) refers to stm32f4xx_rcc.o(.text) for RCC_AHB1PeriphClockCmd
    lcd.o(.text) refers to stm32f4xx_gpio.o(.text) for GPIO_Init
    lcd.o(.text) refers to stm32f4xx_fsmc.o(.text) for FSMC_NORSRAMInit
    lcd.o(.text) refers to __2printf.o(.text) for __2printf
    lcd.o(.text) refers to lcd.o(.constdata) for asc2_1206
    key.o(.text) refers to stm32f4xx_rcc.o(.text) for RCC_AHB1PeriphClockCmd
    key.o(.text) refers to stm32f4xx_gpio.o(.text) for GPIO_Init
    key.o(.text) refers to delay.o(.text) for delay_ms
    key.o(.text) refers to key.o(.data) for key_up
    dcmi.o(.text) refers to stm32f4xx_dcmi.o(.text) for DCMI_GetITStatus
    dcmi.o(.text) refers to main.o(.text) for jpeg_data_process
    dcmi.o(.text) refers to lcd.o(.text) for LCD_SetCursor
    dcmi.o(.text) refers to stm32f4xx_rcc.o(.text) for RCC_AHB1PeriphClockCmd
    dcmi.o(.text) refers to stm32f4xx_dma.o(.text) for DMA_DeInit
    dcmi.o(.text) refers to stm32f4xx_gpio.o(.text) for GPIO_Init
    dcmi.o(.text) refers to misc.o(.text) for NVIC_Init
    dcmi.o(.text) refers to ov2640.o(.text) for OV2640_OutSize_Set
    dcmi.o(.text) refers to dcmi.o(.data) for ov_frame
    dcmi.o(.text) refers to dcmi.o(.bss) for DCMI_InitStructure
    ov2640.o(.text) refers to _printf_percent.o(.ARM.Collect$$_printf_percent$$00000000) for _printf_percent
    ov2640.o(.text) refers to _printf_d.o(.ARM.Collect$$_printf_percent$$00000009) for _printf_d
    ov2640.o(.text) refers to _printf_dec.o(.text) for _printf_int_dec
    ov2640.o(.text) refers to stm32f4xx_rcc.o(.text) for RCC_AHB1PeriphClockCmd
    ov2640.o(.text) refers to stm32f4xx_gpio.o(.text) for GPIO_Init
    ov2640.o(.text) refers to delay.o(.text) for delay_ms
    ov2640.o(.text) refers to sccb.o(.text) for SCCB_Init
    ov2640.o(.text) refers to __2printf.o(.text) for __2printf
    ov2640.o(.text) refers to ov2640.o(.constdata) for ov2640_svga_init_reg_tbl
    sccb.o(.text) refers to stm32f4xx_rcc.o(.text) for RCC_AHB1PeriphClockCmd
    sccb.o(.text) refers to stm32f4xx_gpio.o(.text) for GPIO_Init
    sccb.o(.text) refers to delay.o(.text) for delay_us
    usart2.o(.text) refers to stm32f4xx_rcc.o(.text) for RCC_AHB1PeriphClockCmd
    usart2.o(.text) refers to stm32f4xx_gpio.o(.text) for GPIO_Init
    usart2.o(.text) refers to stm32f4xx_usart.o(.text) for USART_Init
    timer.o(.text) refers to _printf_percent.o(.ARM.Collect$$_printf_percent$$00000000) for _printf_percent
    timer.o(.text) refers to _printf_d.o(.ARM.Collect$$_printf_percent$$00000009) for _printf_d
    timer.o(.text) refers to _printf_dec.o(.text) for _printf_int_dec
    timer.o(.text) refers to stm32f4xx_rcc.o(.text) for RCC_APB1PeriphClockCmd
[...]
    .bss                                     0x2001f0a0   Section      800  usart3.o(.bss)
    .bss                                     0x2001f3c0   Section      200  usart.o(.bss)
    .bss                                     0x2001f488   Section       96  libspace.o(.bss)
    HEAP                                     0x2001f4e8   Section      512  startup_stm32f40_41xxx.o(HEAP)
    Heap_Mem                                 0x2001f4e8   Data         512  startup_stm32f40_41xxx.o(HEAP)
    STACK                                    0x2001f6e8   Section     1024  startup_stm32f40_41xxx.o(STACK)
    Stack_Mem                                0x2001f6e8   Data        1024  startup_stm32f40_41xxx.o(STACK)
    __initial_sp                             0x2001fae8   Data           0  startup_stm32f40_41xxx.o(STACK)

    Global Symbols

    Symbol Name                              Value     Ov Type        Size  Object(Section)

    BuildAttributes$$THM_ISAv4$E$P$D$K$B$S$7EM$VFPi3$EXTD16$VFPS$VFMA$PE$A:L22UL41UL21$X:L11$S22US41US21$IEEE1$IW$USESV6$~STKCKD$USESV7$~SHL$OTIME$ROPI$IEEEJ$EBA8$UX$STANDARDLIB$REQ8$PRES8$EABIv2 0x00000000   Number         0  anon$$obj.o ABSOLUTE
    __ARM_use_no_argv                        0x00000000   Number         0  main.o ABSOLUTE
    _printf_flags                            0x00000000   Number         0  printf_stubs.o ABSOLUTE
    _printf_return_value                     0x00000000   Number         0  printf_stubs.o ABSOLUTE
    _printf_sizespec                         0x00000000   Number         0  printf_stubs.o ABSOLUTE
    _printf_widthprec                        0x00000000   Number         0  printf_stubs.o ABSOLUTE
    __ARM_exceptions_init                     - Undefined Weak Reference
    __alloca_initialize                       - Undefined Weak Reference
    __arm_preinit_                            - Undefined Weak Reference
    __cpp_initialize__aeabi_                  - Undefined Weak Reference
    __cxa_finalize                            - Undefined Weak Reference
    __sigvec_lookup                           - Undefined Weak Reference
    _atexit_init                              - Undefined Weak Reference
    _call_atexit_fns                          - Undefined Weak Reference
    _clock_init                               - Undefined Weak Reference
    _fp_trap_init                             - Undefined Weak Reference
    _fp_trap_shutdown                         - Undefined Weak Reference
    _get_lc_collate                           - Undefined Weak Reference
    _get_lc_monetary                          - Undefined Weak Reference
    _get_lc_time                              - Undefined Weak Reference
    _getenv_init                              - Undefined Weak Reference
    _handle_redirection                       - Undefined Weak Reference
    _init_alloc                               - Undefined Weak Reference
    _init_user_alloc                          - Undefined Weak Reference
    _initio                                   - Undefined Weak Reference
    _mutex_acquire                            - Undefined Weak Reference
    _mutex_release                            - Undefined Weak Reference
    _printf_fp_hex                            - Undefined Weak Reference
    _printf_mbtowc                            - Undefined Weak Reference
    _printf_wc                                - Undefined Weak Reference
    _rand_init                                - Undefined Weak Reference
    _signal_finish                            - Undefined Weak Reference
    _signal_init                              - Undefined Weak Reference
    _terminate_alloc                          - Undefined Weak Reference
    _terminate_user_alloc                     - Undefined Weak Reference
    _terminateio                              - Undefined Weak Reference
    __Vectors_Size                           0x00000188   Number         0  startup_stm32f40_41xxx.o ABSOLUTE
    __Vectors                                0x08000000   Data           4  startup_stm32f40_41xxx.o(RESET)
    __Vectors_End                            0x08000188   Data           0  startup_stm32f40_41xxx.o(RESET)
    __main                                   0x08000189   Thumb Code     8  __main.o(!!!main)
    __scatterload                            0x08000191   Thumb Code     0  __scatter.o(!!!scatter)
    __scatterload_rt2                        0x08000191   Thumb Code    44  __scatter.o(!!!scatter)
    __scatterload_rt2_thumb_only             0x08000191   Thumb Code     0  __scatter.o(!!!scatter)
    __scatterload_null                       0x0800019f   Thumb Code     0  __scatter.o(!!!scatter)
    __scatterload_copy                       0x080001c5   Thumb Code    26  __scatter_copy.o(!!handler_copy)
    __scatterload_zeroinit                   0x080001e1   Thumb Code    28  __scatter_zi.o(!!handler_zi)
    _printf_n                                0x080001fd   Thumb Code     0  _printf_n.o(.ARM.Collect$$_printf_percent$$00000001)
    _printf_percent                          0x080001fd   Thumb Code     0  _printf_percent.o(.ARM.Collect$$_printf_percent$$00000000)
    _printf_p                                0x08000203   Thumb Code     0  _printf_p.o(.ARM.Collect$$_printf_percent$$00000002)
    _printf_f                                0x08000209   Thumb Code     0  _printf_f.o(.ARM.Collect$$_printf_percent$$00000003)
    _printf_e                                0x0800020f   Thumb Code     0  _printf_e.o(.ARM.Collect$$_printf_percent$$00000004)
    _printf_g                                0x08000215   Thumb Code     0  _printf_g.o(.ARM.Collect$$_printf_percent$$00000005)
    _printf_a                                0x0800021b   Thumb Code     0  _printf_a.o(.ARM.Collect$$_printf_percent$$00000006)
    _printf_ll                               0x08000221   Thumb Code     0  _printf_ll.o(.ARM.Collect$$_printf_percent$$00000007)
    _printf_i                                0x0800022b   Thumb Code     0  _printf_i.o(.ARM.Collect$$_printf_percent$$00000008)
    _printf_d                                0x08000231   Thumb Code     0  _printf_d.o(.ARM.Collect$$_printf_percent$$00000009)
    _printf_u                                0x08000237   Thumb Code     0  _printf_u.o(.ARM.Collect$$_printf_percent$$0000000A)
    _printf_o                                0x0800023d   Thumb Code     0  _printf_o.o(.ARM.Collect$$_printf_percent$$0000000B)
    _printf_x                                0x08000243   Thumb Code     0  _printf_x.o(.ARM.Collect$$_printf_percent$$0000000C)
    _printf_lli                              0x08000249   Thumb Code     0  _printf_lli.o(.ARM.Collect$$_printf_percent$$0000000D)
    _printf_lld                              0x0800024f   Thumb Code     0  _printf_lld.o(.ARM.Collect$$_printf_percent$$0000000E)
    _printf_llu                              0x08000255   Thumb Code     0  _printf_llu.o(.ARM.Collect$$_printf_percent$$0000000F)
    _printf_llo                              0x0800025b   Thumb Code     0  _printf_llo.o(.ARM.Collect$$_printf_percent$$00000010)
    _printf_llx                              0x08000261   Thumb Code     0  _printf_llx.o(.ARM.Collect$$_printf_percent$$00000011)
    _printf_l                                0x08000267   Thumb Code     0  _printf_l.o(.ARM.Collect$$_printf_percent$$00000012)
    _printf_c                                0x08000271   Thumb Code     0  _printf_c.o(.ARM.Collect$$_printf_percent$$00000013)
    _printf_s                                0x08000277   Thumb Code     0  _printf_s.o(.ARM.Collect$$_printf_percent$$00000014)
    _printf_lc                               0x0800027d   Thumb Code     0  _printf_lc.o(.ARM.Collect$$_printf_percent$$00000015)
    _printf_ls                               0x08000283   Thumb Code     0  _printf_ls.o(.ARM.Collect$$_printf_percent$$00000016)
    _printf_percent_end                      0x08000289   Thumb Code     0  _printf_percent_end.o(.ARM.Collect$$_printf_percent$$00000017)
    __rt_lib_init                            0x0800028d   Thumb Code     0  libinit.o(.ARM.Collect$$libinit$$00000000)
    __rt_lib_init_fp_1                       0x0800028f   Thumb Code     0  libinit2.o(.ARM.Collect$$libinit$$00000001)
    __rt_lib_init_heap_1                     0x08000293   Thumb Code     0  libinit2.o(.ARM.Collect$$libinit$$0000000A)
    __rt_lib_init_lc_common                  0x08000293   Thumb Code     0  libinit2.o(.ARM.Collect$$libinit$$0000000F)
    __rt_lib_init_preinit_1                  0x08000293   Thumb Code     0  libinit2.o(.ARM.Collect$$libinit$$00000004)
    __rt_lib_init_rand_1                     0x08000293   Thumb Code     0  libinit2.o(.ARM.Collect$$libinit$$0000000E)
    __rt_lib_init_user_alloc_1               0x08000293   Thumb Code     0  libinit2.o(.ARM.Collect$$libinit$$0000000C)
    __rt_lib_init_lc_collate_1               0x08000299   Thumb Code     0  libinit2.o(.ARM.Collect$$libinit$$00000011)
    __rt_lib_init_lc_ctype_2                 0x08000299   Thumb Code     0  libinit2.o(.ARM.Collect$$libinit$$00000012)
    __rt_lib_init_lc_ctype_1                 0x080002a5   Thumb Code     0  libinit2.o(.ARM.Collect$$libinit$$00000013)
    __rt_lib_init_lc_monetary_1              0x080002a5   Thumb Code     0  libinit2.o(.ARM.Collect$$libinit$$00000015)
    __rt_lib_init_lc_numeric_2               0x080002a5   Thumb Code     0  libinit2.o(.ARM.Collect$$libinit$$00000016)
    __rt_lib_init_alloca_1                   0x080002af   Thumb Code     0  libinit2.o(.ARM.Collect$$libinit$$0000002E)
    __rt_lib_init_argv_1                     0x080002af   Thumb Code     0  libinit2.o(.ARM.Collect$$libinit$$0000002C)
    __rt_lib_init_atexit_1                   0x080002af   Thumb Code     0  libinit2.o(.ARM.Collect$$libinit$$0000001B)
    __rt_lib_init_clock_1                    0x080002af   Thumb Code     0  libinit2.o(.ARM.Collect$$libinit$$00000021)
    __rt_lib_init_cpp_1                      0x080002af   Thumb Code     0  libinit2.o(.ARM.Collect$$libinit$$00000032)
    __rt_lib_init_exceptions_1               0x080002af   Thumb Code     0  libinit2.o(.ARM.Collect$$libinit$$00000030)
    __rt_lib_init_fp_trap_1                  0x080002af   Thumb Code     0  libinit2.o(.ARM.Collect$$libinit$$0000001F)
    __rt_lib_init_getenv_1                   0x080002af   Thumb Code     0  libinit2.o(.ARM.Collect$$libinit$$00000023)
    __rt_lib_init_lc_numeric_1               0x080002af   Thumb Code     0  libinit2.o(.ARM.Collect$$libinit$$00000017)
    __rt_lib_init_lc_time_1                  0x080002af   Thumb Code     0  libinit2.o(.ARM.Collect$$libinit$$00000019)
    __rt_lib_init_return                     0x080002af   Thumb Code     0  libinit2.o(.ARM.Collect$$libinit$$00000033)
    __rt_lib_init_signal_1                   0x080002af   Thumb Code     0  libinit2.o(.ARM.Collect$$libinit$$0000001D)
    __rt_lib_init_stdio_1                    0x080002af   Thumb Code     0  libinit2.o(.ARM.Collect$$libinit$$00000025)
    __rt_lib_shutdown                        0x080002b1   Thumb Code     0  libshutdown.o(.ARM.Collect$$libshutdown$$00000000)
    __rt_lib_shutdown_fp_trap_1              0x080002b3   Thumb Code     0  libshutdown2.o(.ARM.Collect$$libshutdown$$00000006)
    __rt_lib_shutdown_heap_1                 0x080002b3   Thumb Code     0  libshutdown2.o(.ARM.Collect$$libshutdown$$0000000E)
    __rt_lib_shutdown_return                 0x080002b3   Thumb Code     0  libshutdown2.o(.ARM.Collect$$libshutdown$$0000000F)
    __rt_lib_shutdown_signal_1               0x080002b3   Thumb Code     0  libshutdown2.o(.ARM.Collect$$libshutdown$$00000009)
    __rt_lib_shutdown_stdio_1                0x080002b3   Thumb Code     0  libshutdown2.o(.ARM.Collect$$libshutdown$$00000003)
    __rt_lib_shutdown_user_alloc_1           0x080002b3   Thumb Code     0  libshutdown2.o(.ARM.Collect$$libshutdown$$0000000B)
    __rt_entry                               0x080002b5   Thumb Code     0  __rtentry.o(.ARM.Collect$$rtentry$$00000000)
    __rt_entry_presh_1                       0x080002b5   Thumb Code     0  __rtentry2.o(.ARM.Collect$$rtentry$$00000002)
    __rt_entry_sh                            0x080002b5   Thumb Code     0  __rtentry4.o(.ARM.Collect$$rtentry$$00000004)
    __rt_entry_li                            0x080002bb   Thumb Code     0  __rtentry2.o(.ARM.Collect$$rtentry$$0000000A)
    __rt_entry_postsh_1                      0x080002bb   Thumb Code     0  __rtentry2.o(.ARM.Collect$$rtentry$$00000009)
    __rt_entry_main                          0x080002bf   Thumb Code     0  __rtentry2.o(.ARM.Collect$$rtentry$$0000000D)
    __rt_entry_postli_1                      0x080002bf   Thumb Code     0  __rtentry2.o(.ARM.Collect$$rtentry$$0000000C)
    __rt_exit                                0x080002c7   Thumb Code     0  rtexit.o(.ARM.Collect$$rtexit$$00000000)
    __rt_exit_ls                             0x080002c9   Thumb Code     0  rtexit2.o(.ARM.Collect$$rtexit$$00000003)
    __rt_exit_prels_1                        0x080002c9   Thumb Code     0  rtexit2.o(.ARM.Collect$$rtexit$$00000002)
    __rt_exit_exit                           0x080002cd   Thumb Code     0  rtexit2.o(.ARM.Collect$$rtexit$$00000004)
    jpeg_data_process                        0x080002d5   Thumb Code    90  main.o(.text)
    jpeg_test                                0x0800032f   Thumb Code   204  main.o(.text)
    main                                     0x080003fb   Thumb Code   112  main.o(.text)
    NMI_Handler                              0x08000491   Thumb Code     2  stm32f4xx_it.o(.text)
    HardFault_Handler                        0x08000493   Thumb Code     4  stm32f4xx_it.o(.text)
    MemManage_Handler                        0x08000497   Thumb Code     4  stm32f4xx_it.o(.text)
    BusFault_Handler                         0x0800049b   Thumb Code     4  stm32f4xx_it.o(.text)
    UsageFault_Handler                       0x0800049f   Thumb Code     4  stm32f4xx_it.o(.text)
    SVC_Handler                              0x080004a3   Thumb Code     2  stm32f4xx_it.o(.text)
    DebugMon_Handler                         0x080004a5   Thumb Code     2  stm32f4xx_it.o(.text)
    PendSV_Handler                           0x080004a7   Thumb Code     2  stm32f4xx_it.o(.text)
    SysTick_Handler                          0x080004a9   Thumb Code     2  stm32f4xx_it.o(.text)
    SystemInit                               0x08000589   Thumb Code    88  system_stm32f4xx.o(.text)
    SystemCoreClockUpdate                    0x080005e1   Thumb Code   174  system_stm32f4xx.o(.text)
    LED_Init                                 0x080006bd   Thumb Code    60  led.o(.text)
    LCD_WR_REG                               0x080006fd   Thumb Code    18  lcd.o(.text)
    LCD_WR_DATA                              0x0800070f   Thumb Code    20  lcd.o(.text)
    LCD_RD_DATA                              0x08000723   Thumb Code    16  lcd.o(.text)
    LCD_WriteReg                             0x08000733   Thumb Code    14  lcd.o(.text)
    LCD_ReadReg                              0x08000741   Thumb Code    22  lcd.o(.text)
    LCD_WriteRAM_Prepare                     0x08000757   Thumb Code    10  lcd.o(.text)
    LCD_WriteRAM                             0x08000761   Thumb Code     8  lcd.o(.text)
    LCD_BGR2RGB                              0x08000769   Thumb Code    26  lcd.o(.text)
    opt_delay                                0x08000783   Thumb Code    14  lcd.o(.text)
    LCD_SetCursor                            0x08000791   Thumb Code   418  lcd.o(.text)
    LCD_ReadPoint                            0x08000933   Thumb Code   360  lcd.o(.text)
    LCD_DisplayOn                            0x08000a9b   Thumb Code   102  lcd.o(.text)
    LCD_DisplayOff                           0x08000b01   Thumb Code    90  lcd.o(.text)
    LCD_Scan_Dir                             0x08000b5b   Thumb Code   744  lcd.o(.text)
    LCD_DrawPoint                            0x08000e43   Thumb Code    28  lcd.o(.text)
    LCD_Fast_DrawPoint                       0x08000e5f   Thumb Code   388  lcd.o(.text)
    LCD_SSD_BackLightSet                     0x08000fe3   Thumb Code    88  lcd.o(.text)
    LCD_Display_Dir                          0x0800103b   Thumb Code   444  lcd.o(.text)
    LCD_Set_Window                           0x080011f7   Thumb Code   546  lcd.o(.text)
    LCD_Clear                                0x08001419   Thumb Code   100  lcd.o(.text)
    LCD_Init                                 0x0800147d   Thumb Code 14696  lcd.o(.text)
    LCD_Fill                                 0x08004de5   Thumb Code   180  lcd.o(.text)
    LCD_Color_Fill                           0x08004e99   Thumb Code   100  lcd.o(.text)
    LCD_DrawLine                             0x08004efd   Thumb Code   176  lcd.o(.text)
    LCD_DrawRectangle                        0x08004fad   Thumb Code    60  lcd.o(.text)
    LCD_Draw_Circle                          0x08004fe9   Thumb Code   152  lcd.o(.text)
    LCD_ShowChar                             0x08005081   Thumb Code   272  lcd.o(.text)
    LCD_Pow                                  0x08005191   Thumb Code    22  lcd.o(.text)
    LCD_ShowNum                              0x080051a7   Thumb Code   148  lcd.o(.text)
    LCD_ShowxNum                             0x0800523b   Thumb Code   220  lcd.o(.text)
    LCD_ShowString                           0x08005317   Thumb Code   102  lcd.o(.text)
    DCMI_IRQHandler                          0x0800537d   Thumb Code    62  dcmi.o(.text)
    DCMI_DMA_Init                            0x080053bb   Thumb Code   102  dcmi.o(.text)
    My_DCMI_Init                             0x08005421   Thumb Code   278  dcmi.o(.text)
    DCMI_Start                               0x08005537   Thumb Code    30  dcmi.o(.text)
    DCMI_Stop                                0x08005555   Thumb Code    34  dcmi.o(.text)
    DCMI_Set_Window                          0x08005577   Thumb Code    74  dcmi.o(.text)
    DCMI_CR_Set                              0x080055c1   Thumb Code    58  dcmi.o(.text)
    OV2640_Init                              0x08005621   Thumb Code   232  ov2640.o(.text)
    OV2640_JPEG_Mode                         0x08005709   Thumb Code    66  ov2640.o(.text)
    OV2640_RGB565_Mode                       0x0800574b   Thumb Code    36  ov2640.o(.text)
    OV2640_Auto_Exposure                     0x0800576f   Thumb Code    40  ov2640.o(.text)
    OV2640_Light_Mode                        0x08005797   Thumb Code   118  ov2640.o(.text)
    OV2640_Color_Saturation                  0x0800580d   Thumb Code    64  ov2640.o(.text)
    OV2640_Brightness                        0x0800584d   Thumb Code    56  ov2640.o(.text)
    OV2640_Contrast                          0x08005885   Thumb Code   116  ov2640.o(.text)
    OV2640_Special_Effects                   0x080058f9   Thumb Code   122  ov2640.o(.text)
    OV2640_Color_Bar                         0x08005973   Thumb Code    40  ov2640.o(.text)
    OV2640_Window_Set                        0x0800599b   Thumb Code   214  ov2640.o(.text)
    OV2640_OutSize_Set                       0x08005a71   Thumb Code   136  ov2640.o(.text)
    OV2640_ImageWin_Set                      0x08005af9   Thumb Code   188  ov2640.o(.text)
    OV2640_ImageSize_Set                     0x08005bb5   Thumb Code    80  ov2640.o(.text)
    SCCB_Init                                0x08005c05   Thumb Code    78  sccb.o(.text)
    SCCB_Start                               0x08005c53   Thumb Code    42  sccb.o(.text)
    SCCB_Stop                                0x08005c7d   Thumb Code    42  sccb.o(.text)
    SCCB_No_Ack                              0x08005ca7   Thumb Code    56  sccb.o(.text)
    SCCB_WR_Byte                             0x08005cdf   Thumb Code   154  sccb.o(.text)
    SCCB_RD_Byte                             0x08005d79   Thumb Code   104  sccb.o(.text)
    SCCB_WR_Reg                              0x08005de1   Thumb Code    62  sccb.o(.text)
    SCCB_RD_Reg                              0x08005e1f   Thumb Code    78  sccb.o(.text)
    usart2_init                              0x08005e79   Thumb Code   124  usart2.o(.text)
    TIM4_Int_Init                            0x08005efd   Thumb Code    88  timer.o(.text)
    TIM4_IRQHandler                          0x08005f55   Thumb Code    40  timer.o(.text)
    TIM7_IRQHandler                          0x08005f7d   Thumb Code    42  timer.o(.text)
    TIM7_Int_Init                            0x08005fa7   Thumb Code    78  timer.o(.text)
    USART3_IRQHandler                        0x08006011   Thumb Code    96  usart3.o(.text)
    usart3_init                              0x08006071   Thumb Code   198  usart3.o(.text)
    u3_printf                                0x08006137   Thumb Code    72  usart3.o(.text)
    MotorForward                             0x08006199   Thumb Code    32  moter.o(.text)
    MotorReverse                             0x080061b9   Thumb Code    32  moter.o(.text)
    MotorStop                                0x080061d9   Thumb Code    26  moter.o(.text)
    MOTOR_Init                               0x080061f3   Thumb Code    96  moter.o(.text)
    delay_init                               0x0800626d   Thumb Code    52  delay.o(.text)
    delay_us                                 0x080062a1   Thumb Code    72  delay.o(.text)
    delay_xms                                0x080062e9   Thumb Code    72  delay.o(.text)
    delay_ms                                 0x08006331   Thumb Code    56  delay.o(.text)
    _sys_exit                                0x08006371   Thumb Code     4  usart.o(.text)
    fputc                                    0x08006375   Thumb Code    22  usart.o(.text)
    uart_init                                0x0800638b   Thumb Code   164  usart.o(.text)
    USART1_IRQHandler                        0x0800642f   Thumb Code   122  usart.o(.text)
    Reset_Handler                            0x080064b9   Thumb Code     8  startup_stm32f40_41xxx.o(.text)
    ADC_IRQHandler                           0x080064d3   Thumb Code     0  startup_stm32f40_41xxx.o(.text)
    CAN1_RX0_IRQHandler                      0x080064d3   Thumb Code     0  startup_stm32f40_41xxx.o(.text)
    CAN1_RX1_IRQHandler                      0x080064d3   Thumb Code     0  startup_stm32f40_41xxx.o(.text)
    CAN1_SCE_IRQHandler                      0x080064d3   Thumb Code     0  startup_stm32f40_41xxx.o(.text)
    CAN1_TX_IRQHandler                       0x080064d3   Thumb Code     0  startup_stm32f40_41xxx.o(.text)
    CAN2_RX0_IRQHandler                      0x080064d3   Thumb Code     0  startup_stm32f40_41xxx.o(.text)
    CAN2_RX1_IRQHandler                      0x080064d3   Thumb Code     0  startup_stm32f40_41xxx.o(.text)
    CAN2_SCE_IRQHandler                      0x080064d3   Thumb Code     0  startup_stm32f40_41xxx.o(.text)
    CAN2_TX_IRQHandler                       0x080064d3   Thumb Code     0  startup_stm32f40_41xxx.o(.text)
    CRYP_IRQHandler                          0x080064d3   Thumb Code     0  startup_stm32f40_41xxx.o(.text)
    DMA1_Stream0_IRQHandler                  0x080064d3   Thumb Code     0  startup_stm32f40_41xxx.o(.text)
    DMA1_Stream1_IRQHandler                  0x080064d3   Thumb Code     0  startup_stm32f40_41xxx.o(.text)
    DMA1_Stream2_IRQHandler                  0x080064d3   Thumb Code     0  startup_stm32f40_41xxx.o(.text)
    DMA1_Stream3_IRQHandler                  0x080064d3   Thumb Code     0  startup_stm32f40_41xxx.o(.text)
    DMA1_Stream4_IRQHandler                  0x080064d3   Thumb Code     0  startup_stm32f40_41xxx.o(.text)
    DMA1_Stream5_IRQHandler                  0x080064d3   Thumb Code     0  startup_stm32f40_41xxx.o(.text)
    DMA1_Stream6_IRQHandler                  0x080064d3   Thumb Code     0  startup_stm32f40_41xxx.o(.text)
    DMA1_Stream7_IRQHandler                  0x080064d3   Thumb Code     0  startup_stm32f40_41xxx.o(.text)
    DMA2_Stream0_IRQHandler                  0x080064d3   Thumb Code     0  startup_stm32f40_41xxx.o(.text)
    DMA2_Stream1_IRQHandler                  0x080064d3   Thumb Code     0  startup_stm32f40_41xxx.o(.text)
    DMA2_Stream2_IRQHandler                  0x080064d3   Thumb Code     0  startup_stm32f40_41xxx.o(.text)
    DMA2_Stream3_IRQHandler                  0x080064d3   Thumb Code     0  startup_stm32f40_41xxx.o(.text)
    DMA2_Stream4_IRQHandler                  0x080064d3   Thumb Code     0  startup_stm32f40_41xxx.o(.text)
    DMA2_Stream5_IRQHandler                  0x080064d3   Thumb Code     0  startup_stm32f40_41xxx.o(.text)
    DMA2_Stream6_IRQHandler                  0x080064d3   Thumb Code     0  startup_stm32f40_41xxx.o(.text)
    DMA2_Stream7_IRQHandler                  0x080064d3   Thumb Code     0  startup_stm32f40_41xxx.o(.text)
    ETH_IRQHandler                           0x080064d3   Thumb Code     0  startup_stm32f40_41xxx.o(.text)
    ETH_WKUP_IRQHandler                      0x080064d3   Thumb Code     0  startup_stm32f40_41xxx.o(.text)
    EXTI0_IRQHandler                         0x080064d3   Thumb Code     0  startup_stm32f40_41xxx.o(.text)
    EXTI15_10_IRQHandler                     0x080064d3   Thumb Code     0  startup_stm32f40_41xxx.o(.text)
    EXTI1_IRQHandler                         0x080064d3   Thumb Code     0  startup_stm32f40_41xxx.o(.text)
    EXTI2_IRQHandler                         0x080064d3   Thumb Code     0  startup_stm32f40_41xxx.o(.text)
    EXTI3_IRQHandler                         0x080064d3   Thumb Code     0  startup_stm32f40_41xxx.o(.text)
    EXTI4_IRQHandler                         0x080064d3   Thumb Code     0  startup_stm32f40_41xxx.o(.text)
    EXTI9_5_IRQHandler                       0x080064d3   Thumb Code     0  startup_stm32f40_41xxx.o(.text)
    FLASH_IRQHandler                         0x080064d3   Thumb Code     0  startup_stm32f40_41xxx.o(.text)
    FPU_IRQHandler                           0x080064d3   Thumb Code     0  startup_stm32f40_41xxx.o(.text)
    FSMC_IRQHandler                          0x080064d3   Thumb Code     0  startup_stm32f40_41xxx.o(.text)
    HASH_RNG_IRQHandler                      0x080064d3   Thumb Code     0  startup_stm32f40_41xxx.o(.text)
    I2C1_ER_IRQHandler                       0x080064d3   Thumb Code     0  startup_stm32f40_41xxx.o(.text)
    I2C1_EV_IRQHandler                       0x080064d3   Thumb Code     0  startup_stm32f40_41xxx.o(.text)
    I2C2_ER_IRQHandler                       0x080064d3   Thumb Code     0  startup_stm32f40_41xxx.o(.text)
    I2C2_EV_IRQHandler                       0x080064d3   Thumb Code     0  startup_stm32f40_41xxx.o(.text)
    I2C3_ER_IRQHandler                       0x080064d3   Thumb Code     0  startup_stm32f40_41xxx.o(.text)
    I2C3_EV_IRQHandler                       0x080064d3   Thumb Code     0  startup_stm32f40_41xxx.o(.text)
    OTG_FS_IRQHandler                        0x080064d3   Thumb Code     0  startup_stm32f40_41xxx.o(.text)
    OTG_FS_WKUP_IRQHandler                   0x080064d3   Thumb Code     0  startup_stm32f40_41xxx.o(.text)
    OTG_HS_EP1_IN_IRQHandler                 0x080064d3   Thumb Code     0  startup_stm32f40_41xxx.o(.text)
    OTG_HS_EP1_OUT_IRQHandler                0x080064d3   Thumb Code     0  startup_stm32f40_41xxx.o(.text)
    OTG_HS_IRQHandler                        0x080064d3   Thumb Code     0  startup_stm32f40_41xxx.o(.text)
    OTG_HS_WKUP_IRQHandler                   0x080064d3   Thumb Code     0  startup_stm32f40_41xxx.o(.text)
    PVD_IRQHandler                           0x080064d3   Thumb Code     0  startup_stm32f40_41xxx.o(.text)
    RCC_IRQHandler                           0x080064d3   Thumb Code     0  startup_stm32f40_41xxx.o(.text)
    RTC_Alarm_IRQHandler                     0x080064d3   Thumb Code     0  startup_stm32f40_41xxx.o(.text)
    RTC_WKUP_IRQHandler                      0x080064d3   Thumb Code     0  startup_stm32f40_41xxx.o(.text)
    SDIO_IRQHandler                          0x080064d3   Thumb Code     0  startup_stm32f40_41xxx.o(.text)
    SPI1_IRQHandler                          0x080064d3   Thumb Code     0  startup_stm32f40_41xxx.o(.text)
    SPI2_IRQHandler                          0x080064d3   Thumb Code     0  startup_stm32f40_41xxx.o(.text)
    SPI3_IRQHandler                          0x080064d3   Thumb Code     0  startup_stm32f40_41xxx.o(.text)
    TAMP_STAMP_IRQHandler                    0x080064d3   Thumb Code     0  startup_stm32f40_41xxx.o(.text)
    TIM1_BRK_TIM9_IRQHandler                 0x080064d3   Thumb Code     0  startup_stm32f40_41xxx.o(.text)
    TIM1_CC_IRQHandler                       0x080064d3   Thumb Code     0  startup_stm32f40_41xxx.o(.text)
    TIM1_TRG_COM_TIM11_IRQHandler            0x080064d3   Thumb Code     0  startup_stm32f40_41xxx.o(.text)
    TIM1_UP_TIM10_IRQHandler                 0x080064d3   Thumb Code     0  startup_stm32f40_41xxx.o(.text)
    TIM2_IRQHandler                          0x080064d3   Thumb Code     0  startup_stm32f40_41xxx.o(.text)
    TIM3_IRQHandler                          0x080064d3   Thumb Code     0  startup_stm32f40_41xxx.o(.text)
    TIM5_IRQHandler                          0x080064d3   Thumb Code     0  startup_stm32f40_41xxx.o(.text)
    TIM6_DAC_IRQHandler                      0x080064d3   Thumb Code     0  startup_stm32f40_41xxx.o(.text)
    TIM8_BRK_TIM12_IRQHandler                0x080064d3   Thumb Code     0  startup_stm32f40_41xxx.o(.text)
    TIM8_CC_IRQHandler                       0x080064d3   Thumb Code     0  startup_stm32f40_41xxx.o(.text)
    TIM8_TRG_COM_TIM14_IRQHandler            0x080064d3   Thumb Code     0  startup_stm32f40_41xxx.o(.text)
    TIM8_UP_TIM13_IRQHandler                 0x080064d3   Thumb Code     0  startup_stm32f40_41xxx.o(.text)
    UART4_IRQHandler                         0x080064d3   Thumb Code     0  startup_stm32f40_41xxx.o(.text)
    UART5_IRQHandler                         0x080064d3   Thumb Code     0  startup_stm32f40_41xxx.o(.text)
    USART2_IRQHandler                        0x080064d3   Thumb Code     0  startup_stm32f40_41xxx.o(.text)
    USART6_IRQHandler                        0x080064d3   Thumb Code     0  startup_stm32f40_41xxx.o(.text)
    WWDG_IRQHandler                          0x080064d3   Thumb Code     0  startup_stm32f40_41xxx.o(.text)
    __user_initial_stackheap                 0x080064d5   Thumb Code     0  startup_stm32f40_41xxx.o(.text)
    NVIC_PriorityGroupConfig                 0x080064f9   Thumb Code    10  misc.o(.text)
    NVIC_Init                                0x08006503   Thumb Code   106  misc.o(.text)
    NVIC_SetVectorTable                      0x0800656d   Thumb Code    14  misc.o(.text)
    NVIC_SystemLPConfig                      0x0800657b   Thumb Code    34  misc.o(.text)
    SysTick_CLKSourceConfig                  0x0800659d   Thumb Code    40  misc.o(.text)
    DCMI_DeInit                              0x080065d9   Thumb Code    24  stm32f4xx_dcmi.o(.text)
    DCMI_Init                                0x080065f1   Thumb Code    60  stm32f4xx_dcmi.o(.text)
    DCMI_StructInit                          0x0800662d   Thumb Code    18  stm32f4xx_dcmi.o(.text)
    DCMI_CROPConfig                          0x0800663f   Thumb Code    26  stm32f4xx_dcmi.o(.text)
    DCMI_CROPCmd                             0x08006659   Thumb Code    30  stm32f4xx_dcmi.o(.text)
    DCMI_SetEmbeddedSynchroCodes             0x08006677   Thumb Code    26  stm32f4xx_dcmi.o(.text)
    DCMI_JPEGCmd                             0x08006691   Thumb Code    30  stm32f4xx_dcmi.o(.text)
    DCMI_Cmd                                 0x080066af   Thumb Code    30  stm32f4xx_dcmi.o(.text)
    DCMI_CaptureCmd                          0x080066cd   Thumb Code    30  stm32f4xx_dcmi.o(.text)
    DCMI_ReadData                            0x080066eb   Thumb Code     6  stm32f4xx_dcmi.o(.text)
    DCMI_ITConfig                            0x080066f1   Thumb Code    30  stm32f4xx_dcmi.o(.text)
    DCMI_GetFlagStatus                       0x0800670f   Thumb Code    46  stm32f4xx_dcmi.o(.text)
    DCMI_ClearFlag                           0x0800673d   Thumb Code     6  stm32f4xx_dcmi.o(.text)
    DCMI_GetITStatus                         0x08006743   Thumb Code    24  stm32f4xx_dcmi.o(.text)
    DCMI_ClearITPendingBit                   0x0800675b   Thumb Code     6  stm32f4xx_dcmi.o(.text)
    GPIO_DeInit                              0x08006765   Thumb Code   268  stm32f4xx_gpio.o(.text)
    GPIO_Init                                0x08006871   Thumb Code   144  stm32f4xx_gpio.o(.text)
    GPIO_StructInit                          0x08006901   Thumb Code    18  stm32f4xx_gpio.o(.text)
    GPIO_PinLockConfig                       0x08006913   Thumb Code    34  stm32f4xx_gpio.o(.text)
    GPIO_ReadInputDataBit                    0x08006935   Thumb Code    18  stm32f4xx_gpio.o(.text)
    GPIO_ReadInputData                       0x08006947   Thumb Code     8  stm32f4xx_gpio.o(.text)
    GPIO_ReadOutputDataBit                   0x0800694f   Thumb Code    18  stm32f4xx_gpio.o(.text)
    GPIO_ReadOutputData                      0x08006961   Thumb Code     8  stm32f4xx_gpio.o(.text)
    GPIO_SetBits                             0x08006969   Thumb Code     4  stm32f4xx_gpio.o(.text)
    GPIO_ResetBits                           0x0800696d   Thumb Code     4  stm32f4xx_gpio.o(.text)
    GPIO_WriteBit                            0x08006971   Thumb Code    10  stm32f4xx_gpio.o(.text)
    GPIO_Write                               0x0800697b   Thumb Code     4  stm32f4xx_gpio.o(.text)
    GPIO_ToggleBits                          0x0800697f   Thumb Code     8  stm32f4xx_gpio.o(.text)
    GPIO_PinAFConfig                         0x08006987   Thumb Code    70  stm32f4xx_gpio.o(.text)
    FSMC_NORSRAMDeInit                       0x080069f9   Thumb Code    54  stm32f4xx_fsmc.o(.text)
    FSMC_NORSRAMInit                         0x08006a2f   Thumb Code   230  stm32f4xx_fsmc.o(.text)
    FSMC_NORSRAMStructInit                   0x08006b15   Thumb Code    48  stm32f4xx_fsmc.o(.text)
    FSMC_NORSRAMCmd                          0x08006b45   Thumb Code    46  stm32f4xx_fsmc.o(.text)
    FSMC_NANDDeInit                          0x08006b73   Thumb Code    62  stm32f4xx_fsmc.o(.text)
    FSMC_NANDInit                            0x08006bb1   Thumb Code   132  stm32f4xx_fsmc.o(.text)
    FSMC_NANDStructInit                      0x08006c35   Thumb Code    54  stm32f4xx_fsmc.o(.text)
    FSMC_NANDCmd                             0x08006c6b   Thumb Code    86  stm32f4xx_fsmc.o(.text)
    FSMC_NANDECCCmd                          0x08006cc1   Thumb Code    86  stm32f4xx_fsmc.o(.text)
    FSMC_GetECC                              0x08006d17   Thumb Code    24  stm32f4xx_fsmc.o(.text)
    FSMC_PCCARDDeInit                        0x08006d2f   Thumb Code    36  stm32f4xx_fsmc.o(.text)
    FSMC_PCCARDInit                          0x08006d53   Thumb Code   130  stm32f4xx_fsmc.o(.text)
    FSMC_PCCARDStructInit                    0x08006dd5   Thumb Code    60  stm32f4xx_fsmc.o(.text)
    FSMC_PCCARDCmd                           0x08006e11   Thumb Code    44  stm32f4xx_fsmc.o(.text)
    FSMC_ITConfig                            0x08006e3d   Thumb Code   128  stm32f4xx_fsmc.o(.text)
    FSMC_GetFlagStatus                       0x08006ebd   Thumb Code    54  stm32f4xx_fsmc.o(.text)
    FSMC_ClearFlag                           0x08006ef3   Thumb Code    74  stm32f4xx_fsmc.o(.text)
    FSMC_GetITStatus                         0x08006f3d   Thumb Code    62  stm32f4xx_fsmc.o(.text)
    FSMC_ClearITPendingBit                   0x08006f7b   Thumb Code    66  stm32f4xx_fsmc.o(.text)
    DMA_DeInit                               0x08006fc1   Thumb Code   324  stm32f4xx_dma.o(.text)
    DMA_Init                                 0x08007105   Thumb Code    82  stm32f4xx_dma.o(.text)
    DMA_StructInit                           0x08007157   Thumb Code    34  stm32f4xx_dma.o(.text)
    DMA_Cmd                                  0x08007179   Thumb Code    22  stm32f4xx_dma.o(.text)
    DMA_PeriphIncOffsetSizeConfig            0x0800718f   Thumb Code    22  stm32f4xx_dma.o(.text)
    DMA_FlowControllerConfig                 0x080071a5   Thumb Code    22  stm32f4xx_dma.o(.text)
    DMA_SetCurrDataCounter                   0x080071bb   Thumb Code     4  stm32f4xx_dma.o(.text)
    DMA_GetCurrDataCounter                   0x080071bf   Thumb Code     8  stm32f4xx_dma.o(.text)
    DMA_DoubleBufferModeConfig               0x080071c7   Thumb Code    24  stm32f4xx_dma.o(.text)
    DMA_DoubleBufferModeCmd                  0x080071df   Thumb Code    22  stm32f4xx_dma.o(.text)
    DMA_MemoryTargetConfig                   0x080071f5   Thumb Code    10  stm32f4xx_dma.o(.text)
    DMA_GetCurrentMemoryTarget               0x080071ff   Thumb Code    20  stm32f4xx_dma.o(.text)
    DMA_GetCmdStatus                         0x08007213   Thumb Code    20  stm32f4xx_dma.o(.text)
    DMA_GetFIFOStatus                        0x08007227   Thumb Code    12  stm32f4xx_dma.o(.text)
    DMA_GetFlagStatus                        0x08007233   Thumb Code    56  stm32f4xx_dma.o(.text)
    DMA_ClearFlag                            0x0800726b   Thumb Code    40  stm32f4xx_dma.o(.text)
    DMA_ITConfig                             0x08007293   Thumb Code    58  stm32f4xx_dma.o(.text)
    DMA_GetITStatus                          0x080072cd   Thumb Code    84  stm32f4xx_dma.o(.text)
    DMA_ClearITPendingBit                    0x08007321   Thumb Code    40  stm32f4xx_dma.o(.text)
    RCC_DeInit                               0x08007369   Thumb Code    82  stm32f4xx_rcc.o(.text)
    RCC_HSEConfig                            0x080073bb   Thumb Code    14  stm32f4xx_rcc.o(.text)
    RCC_GetFlagStatus                        0x080073c9   Thumb Code    60  stm32f4xx_rcc.o(.text)
    RCC_WaitForHSEStartUp                    0x08007405   Thumb Code    56  stm32f4xx_rcc.o(.text)
    RCC_AdjustHSICalibrationValue            0x0800743d   Thumb Code    20  stm32f4xx_rcc.o(.text)
    RCC_HSICmd                               0x08007451   Thumb Code     6  stm32f4xx_rcc.o(.text)
    RCC_LSEConfig                            0x08007457   Thumb Code    46  stm32f4xx_rcc.o(.text)
    RCC_LSICmd                               0x08007485   Thumb Code     6  stm32f4xx_rcc.o(.text)
    RCC_PLLConfig                            0x0800748b   Thumb Code    32  stm32f4xx_rcc.o(.text)
    RCC_PLLCmd                               0x080074ab   Thumb Code     6  stm32f4xx_rcc.o(.text)
    RCC_PLLI2SConfig                         0x080074b1   Thumb Code    14  stm32f4xx_rcc.o(.text)
    RCC_PLLI2SCmd                            0x080074bf   Thumb Code     6  stm32f4xx_rcc.o(.text)
    RCC_PLLSAIConfig                         0x080074c5   Thumb Code    20  stm32f4xx_rcc.o(.text)
    RCC_PLLSAICmd                            0x080074d9   Thumb Code     6  stm32f4xx_rcc.o(.text)
    RCC_ClockSecuritySystemCmd               0x080074df   Thumb Code     6  stm32f4xx_rcc.o(.text)
    RCC_MCO1Config                           0x080074e5   Thumb Code    28  stm32f4xx_rcc.o(.text)
    RCC_MCO2Config                           0x08007501   Thumb Code    28  stm32f4xx_rcc.o(.text)
    RCC_SYSCLKConfig                         0x0800751d   Thumb Code    20  stm32f4xx_rcc.o(.text)
    RCC_GetSYSCLKSource                      0x08007531   Thumb Code    12  stm32f4xx_rcc.o(.text)
    RCC_HCLKConfig                           0x0800753d   Thumb Code    20  stm32f4xx_rcc.o(.text)
    RCC_PCLK1Config                          0x08007551   Thumb Code    20  stm32f4xx_rcc.o(.text)
    RCC_PCLK2Config                          0x08007565   Thumb Code    22  stm32f4xx_rcc.o(.text)
    RCC_GetClocksFreq                        0x0800757b   Thumb Code   222  stm32f4xx_rcc.o(.text)
    RCC_RTCCLKConfig                         0x08007659   Thumb Code    54  stm32f4xx_rcc.o(.text)
    RCC_RTCCLKCmd                            0x0800768f   Thumb Code     8  stm32f4xx_rcc.o(.text)
    RCC_BackupResetCmd                       0x08007697   Thumb Code     8  stm32f4xx_rcc.o(.text)
    RCC_I2SCLKConfig                         0x0800769f   Thumb Code     6  stm32f4xx_rcc.o(.text)
    RCC_SAIPLLI2SClkDivConfig                0x080076a5   Thumb Code    26  stm32f4xx_rcc.o(.text)
    RCC_SAIPLLSAIClkDivConfig                0x080076bf   Thumb Code    28  stm32f4xx_rcc.o(.text)
    RCC_SAIBlockACLKConfig                   0x080076db   Thumb Code    20  stm32f4xx_rcc.o(.text)
    RCC_SAIBlockBCLKConfig                   0x080076ef   Thumb Code    20  stm32f4xx_rcc.o(.text)
    RCC_LTDCCLKDivConfig                     0x08007703   Thumb Code    20  stm32f4xx_rcc.o(.text)
    RCC_TIMCLKPresConfig                     0x08007717   Thumb Code     6  stm32f4xx_rcc.o(.text)
    RCC_AHB1PeriphClockCmd                   0x0800771d   Thumb Code    34  stm32f4xx_rcc.o(.text)
    RCC_AHB2PeriphClockCmd                   0x0800773f   Thumb Code    78  stm32f4xx_rcc.o(.text)
    RCC_AHB3PeriphClockCmd                   0x0800778d   Thumb Code    34  stm32f4xx_rcc.o(.text)
    RCC_APB1PeriphClockCmd                   0x080077af   Thumb Code    34  stm32f4xx_rcc.o(.text)
    RCC_APB2PeriphClockCmd                   0x080077d1   Thumb Code    34  stm32f4xx_rcc.o(.text)
    RCC_AHB1PeriphResetCmd                   0x080077f3   Thumb Code    34  stm32f4xx_rcc.o(.text)
    RCC_AHB2PeriphResetCmd                   0x08007815   Thumb Code    34  stm32f4xx_rcc.o(.text)
    RCC_AHB3PeriphResetCmd                   0x08007837   Thumb Code    34  stm32f4xx_rcc.o(.text)
    RCC_APB1PeriphResetCmd                   0x08007859   Thumb Code    34  stm32f4xx_rcc.o(.text)
    RCC_APB2PeriphResetCmd                   0x0800787b   Thumb Code    34  stm32f4xx_rcc.o(.text)
    RCC_AHB1PeriphClockLPModeCmd             0x0800789d   Thumb Code    34  stm32f4xx_rcc.o(.text)
    RCC_AHB2PeriphClockLPModeCmd             0x080078bf   Thumb Code    34  stm32f4xx_rcc.o(.text)
    RCC_AHB3PeriphClockLPModeCmd             0x080078e1   Thumb Code    34  stm32f4xx_rcc.o(.text)
    RCC_APB1PeriphClockLPModeCmd             0x08007903   Thumb Code    34  stm32f4xx_rcc.o(.text)
    RCC_APB2PeriphClockLPModeCmd             0x08007925   Thumb Code    34  stm32f4xx_rcc.o(.text)
    RCC_LSEModeConfig                        0x08007947   Thumb Code    40  stm32f4xx_rcc.o(.text)
    RCC_ITConfig                             0x0800796f   Thumb Code    34  stm32f4xx_rcc.o(.text)
    RCC_ClearFlag                            0x08007991   Thumb Code    18  stm32f4xx_rcc.o(.text)
    RCC_GetITStatus                          0x080079a3   Thumb Code    22  stm32f4xx_rcc.o(.text)
    RCC_ClearITPendingBit                    0x080079b9   Thumb Code     8  stm32f4xx_rcc.o(.text)
    USART_DeInit                             0x080079c5   Thumb Code   206  stm32f4xx_usart.o(.text)
    USART_Init                               0x08007a93   Thumb Code   204  stm32f4xx_usart.o(.text)
    USART_StructInit                         0x08007b5f   Thumb Code    24  stm32f4xx_usart.o(.text)
    USART_ClockInit                          0x08007b77   Thumb Code    32  stm32f4xx_usart.o(.text)
    USART_ClockStructInit                    0x08007b97   Thumb Code    12  stm32f4xx_usart.o(.text)
    USART_Cmd                                0x08007ba3   Thumb Code    24  stm32f4xx_usart.o(.text)
    USART_SetPrescaler                       0x08007bbb   Thumb Code    16  stm32f4xx_usart.o(.text)
    USART_OverSampling8Cmd                   0x08007bcb   Thumb Code    22  stm32f4xx_usart.o(.text)
    USART_OneBitMethodCmd                    0x08007be1   Thumb Code    24  stm32f4xx_usart.o(.text)
    USART_SendData                           0x08007bf9   Thumb Code     8  stm32f4xx_usart.o(.text)
    USART_ReceiveData                        0x08007c01   Thumb Code    10  stm32f4xx_usart.o(.text)
    USART_SetAddress                         0x08007c0b   Thumb Code    18  stm32f4xx_usart.o(.text)
    USART_ReceiverWakeUpCmd                  0x08007c1d   Thumb Code    24  stm32f4xx_usart.o(.text)
    USART_WakeUpConfig                       0x08007c35   Thumb Code    18  stm32f4xx_usart.o(.text)
    USART_LINBreakDetectLengthConfig         0x08007c47   Thumb Code    18  stm32f4xx_usart.o(.text)
    USART_LINCmd                             0x08007c59   Thumb Code    24  stm32f4xx_usart.o(.text)
    USART_SendBreak                          0x08007c71   Thumb Code    10  stm32f4xx_usart.o(.text)
    USART_HalfDuplexCmd                      0x08007c7b   Thumb Code    24  stm32f4xx_usart.o(.text)
    USART_SetGuardTime                       0x08007c93   Thumb Code    16  stm32f4xx_usart.o(.text)
    USART_SmartCardCmd                       0x08007ca3   Thumb Code    24  stm32f4xx_usart.o(.text)
    USART_SmartCardNACKCmd                   0x08007cbb   Thumb Code    24  stm32f4xx_usart.o(.text)
    USART_IrDAConfig                         0x08007cd3   Thumb Code    18  stm32f4xx_usart.o(.text)
    USART_IrDACmd                            0x08007ce5   Thumb Code    24  stm32f4xx_usart.o(.text)
    USART_DMACmd                             0x08007cfd   Thumb Code    18  stm32f4xx_usart.o(.text)
    USART_ITConfig                           0x08007d0f   Thumb Code    74  stm32f4xx_usart.o(.text)
    USART_GetFlagStatus                      0x08007d59   Thumb Code    26  stm32f4xx_usart.o(.text)
    USART_ClearFlag                          0x08007d73   Thumb Code    18  stm32f4xx_usart.o(.text)
    USART_GetITStatus                        0x08007d85   Thumb Code   118  stm32f4xx_usart.o(.text)
    USART_ClearITPendingBit                  0x08007dfb   Thumb Code    30  stm32f4xx_usart.o(.text)
    TIM_DeInit                               0x08007e19   Thumb Code   346  stm32f4xx_tim.o(.text)
    TIM_TimeBaseInit                         0x08007f73   Thumb Code   104  stm32f4xx_tim.o(.text)
    TIM_TimeBaseStructInit                   0x08007fdb   Thumb Code    18  stm32f4xx_tim.o(.text)
    TIM_PrescalerConfig                      0x08007fed   Thumb Code     6  stm32f4xx_tim.o(.text)
    TIM_CounterModeConfig                    0x08007ff3   Thumb Code    18  stm32f4xx_tim.o(.text)
    TIM_SetCounter                           0x08008005   Thumb Code     4  stm32f4xx_tim.o(.text)
    TIM_SetAutoreload                        0x08008009   Thumb Code     4  stm32f4xx_tim.o(.text)
    TIM_GetCounter                           0x0800800d   Thumb Code     6  stm32f4xx_tim.o(.text)
    TIM_GetPrescaler                         0x08008013   Thumb Code     6  stm32f4xx_tim.o(.text)
    TIM_UpdateDisableConfig                  0x08008019   Thumb Code    24  stm32f4xx_tim.o(.text)
    TIM_UpdateRequestConfig                  0x08008031   Thumb Code    24  stm32f4xx_tim.o(.text)
    TIM_ARRPreloadConfig                     0x08008049   Thumb Code    24  stm32f4xx_tim.o(.text)
    TIM_SelectOnePulseMode                   0x08008061   Thumb Code    18  stm32f4xx_tim.o(.text)
    TIM_SetClockDivision                     0x08008073   Thumb Code    18  stm32f4xx_tim.o(.text)
    TIM_Cmd                                  0x08008085   Thumb Code    24  stm32f4xx_tim.o(.text)
    TIM_OC1Init                              0x0800809d   Thumb Code   114  stm32f4xx_tim.o(.text)
    TIM_OC2Init                              0x0800810f   Thumb Code   154  stm32f4xx_tim.o(.text)
    TIM_OC3Init                              0x080081a9   Thumb Code   204  stm32f4xx_tim.o(.text)
    TIM_OC4Init                              0x08008275   Thumb Code   112  stm32f4xx_tim.o(.text)
    TIM_OCStructInit                         0x080082e5   Thumb Code    20  stm32f4xx_tim.o(.text)
    TIM_SelectOCxM                           0x080082f9   Thumb Code    86  stm32f4xx_tim.o(.text)
    TIM_SetCompare1                          0x0800834f   Thumb Code     4  stm32f4xx_tim.o(.text)
    TIM_SetCompare2                          0x08008353   Thumb Code     4  stm32f4xx_tim.o(.text)
    TIM_SetCompare3                          0x08008357   Thumb Code     4  stm32f4xx_tim.o(.text)
    TIM_SetCompare4                          0x0800835b   Thumb Code     4  stm32f4xx_tim.o(.text)
    TIM_ForcedOC1Config                      0x0800835f   Thumb Code    18  stm32f4xx_tim.o(.text)
    TIM_ForcedOC2Config                      0x08008371   Thumb Code    26  stm32f4xx_tim.o(.text)
    TIM_ForcedOC3Config                      0x0800838b   Thumb Code    18  stm32f4xx_tim.o(.text)
    TIM_ForcedOC4Config                      0x0800839d   Thumb Code    26  stm32f4xx_tim.o(.text)
    TIM_OC1PreloadConfig                     0x080083b7   Thumb Code    18  stm32f4xx_tim.o(.text)
    TIM_OC2PreloadConfig                     0x080083c9   Thumb Code    26  stm32f4xx_tim.o(.text)
    TIM_OC3PreloadConfig                     0x080083e3   Thumb Code    18  stm32f4xx_tim.o(.text)
    TIM_OC4PreloadConfig                     0x080083f5   Thumb Code    26  stm32f4xx_tim.o(.text)
    TIM_OC1FastConfig                        0x0800840f   Thumb Code    18  stm32f4xx_tim.o(.text)
    TIM_OC2FastConfig                        0x08008421   Thumb Code    26  stm32f4xx_tim.o(.text)
    TIM_OC3FastConfig                        0x0800843b   Thumb Code    18  stm32f4xx_tim.o(.text)
    TIM_OC4FastConfig                        0x0800844d   Thumb Code    26  stm32f4xx_tim.o(.text)
    TIM_ClearOC1Ref                          0x08008467   Thumb Code    18  stm32f4xx_tim.o(.text)
    TIM_ClearOC2Ref                          0x08008479   Thumb Code    24  stm32f4xx_tim.o(.text)
    TIM_ClearOC3Ref                          0x08008491   Thumb Code    18  stm32f4xx_tim.o(.text)
    TIM_ClearOC4Ref                          0x080084a3   Thumb Code    24  stm32f4xx_tim.o(.text)
    TIM_OC1PolarityConfig                    0x080084bb   Thumb Code    18  stm32f4xx_tim.o(.text)
    TIM_OC1NPolarityConfig                   0x080084cd   Thumb Code    18  stm32f4xx_tim.o(.text)
    TIM_OC2PolarityConfig                    0x080084df   Thumb Code    26  stm32f4xx_tim.o(.text)
    TIM_OC2NPolarityConfig                   0x080084f9   Thumb Code    26  stm32f4xx_tim.o(.text)
    TIM_OC3PolarityConfig                    0x08008513   Thumb Code    26  stm32f4xx_tim.o(.text)
    TIM_OC3NPolarityConfig                   0x0800852d   Thumb Code    26  stm32f4xx_tim.o(.text)
    TIM_OC4PolarityConfig                    0x08008547   Thumb Code    26  stm32f4xx_tim.o(.text)
    TIM_CCxCmd                               0x08008561   Thumb Code    30  stm32f4xx_tim.o(.text)
    TIM_CCxNCmd                              0x0800857f   Thumb Code    30  stm32f4xx_tim.o(.text)
    TIM_SetIC4Prescaler                      0x0800859d   Thumb Code    26  stm32f4xx_tim.o(.text)
    TIM_SetIC3Prescaler                      0x08008607   Thumb Code    18  stm32f4xx_tim.o(.text)
    TIM_SetIC2Prescaler                      0x08008661   Thumb Code    26  stm32f4xx_tim.o(.text)
    TIM_SetIC1Prescaler                      0x080086d5   Thumb Code    18  stm32f4xx_tim.o(.text)
    TIM_ICInit                               0x08008721   Thumb Code   110  stm32f4xx_tim.o(.text)
    TIM_ICStructInit                         0x0800878f   Thumb Code    18  stm32f4xx_tim.o(.text)
    TIM_PWMIConfig                           0x080087a1   Thumb Code   124  stm32f4xx_tim.o(.text)
    TIM_GetCapture1                          0x0800881d   Thumb Code     6  stm32f4xx_tim.o(.text)
    TIM_GetCapture2                          0x08008823   Thumb Code     6  stm32f4xx_tim.o(.text)
    TIM_GetCapture3                          0x08008829   Thumb Code     6  stm32f4xx_tim.o(.text)
    TIM_GetCapture4                          0x0800882f   Thumb Code     6  stm32f4xx_tim.o(.text)
    TIM_BDTRConfig                           0x08008835   Thumb Code    32  stm32f4xx_tim.o(.text)
    TIM_BDTRStructInit                       0x08008855   Thumb Code    18  stm32f4xx_tim.o(.text)
    TIM_CtrlPWMOutputs                       0x08008867   Thumb Code    30  stm32f4xx_tim.o(.text)
    TIM_SelectCOM                            0x08008885   Thumb Code    24  stm32f4xx_tim.o(.text)
    TIM_CCPreloadControl                     0x0800889d   Thumb Code    24  stm32f4xx_tim.o(.text)
    TIM_ITConfig                             0x080088b5   Thumb Code    18  stm32f4xx_tim.o(.text)
    TIM_GenerateEvent                        0x080088c7   Thumb Code     4  stm32f4xx_tim.o(.text)
    TIM_GetFlagStatus                        0x080088cb   Thumb Code    18  stm32f4xx_tim.o(.text)
    TIM_ClearFlag                            0x080088dd   Thumb Code     6  stm32f4xx_tim.o(.text)
    TIM_GetITStatus                          0x080088e3   Thumb Code    34  stm32f4xx_tim.o(.text)
    TIM_ClearITPendingBit                    0x08008905   Thumb Code     6  stm32f4xx_tim.o(.text)
    TIM_DMAConfig                            0x0800890b   Thumb Code    10  stm32f4xx_tim.o(.text)
    TIM_DMACmd                               0x08008915   Thumb Code    18  stm32f4xx_tim.o(.text)
    TIM_SelectCCDMA                          0x08008927   Thumb Code    24  stm32f4xx_tim.o(.text)
    TIM_InternalClockConfig                  0x0800893f   Thumb Code    12  stm32f4xx_tim.o(.text)
    TIM_SelectInputTrigger                   0x0800894b   Thumb Code    18  stm32f4xx_tim.o(.text)
    TIM_ITRxExternalClockConfig              0x0800895d   Thumb Code    24  stm32f4xx_tim.o(.text)
    TIM_TIxExternalClockConfig               0x08008975   Thumb Code    62  stm32f4xx_tim.o(.text)
    TIM_ETRConfig                            0x080089b3   Thumb Code    28  stm32f4xx_tim.o(.text)
    TIM_ETRClockMode1Config                  0x080089cf   Thumb Code    54  stm32f4xx_tim.o(.text)
    TIM_ETRClockMode2Config                  0x08008a05   Thumb Code    32  stm32f4xx_tim.o(.text)
    TIM_SelectOutputTrigger                  0x08008a25   Thumb Code    18  stm32f4xx_tim.o(.text)
    TIM_SelectSlaveMode                      0x08008a37   Thumb Code    18  stm32f4xx_tim.o(.text)
    TIM_SelectMasterSlaveMode                0x08008a49   Thumb Code    18  stm32f4xx_tim.o(.text)
    TIM_EncoderInterfaceConfig               0x08008a5b   Thumb Code    66  stm32f4xx_tim.o(.text)
    TIM_SelectHallSensor                     0x08008a9d   Thumb Code    24  stm32f4xx_tim.o(.text)
    TIM_RemapConfig                          0x08008ab5   Thumb Code     6  stm32f4xx_tim.o(.text)
    __use_no_semihosting                     0x08008abb   Thumb Code     2  use_no_semi_2.o(.text)
    __c89vsprintf                            0x08008abd   Thumb Code    32  c89vsprintf.o(.text)
    __2printf                                0x08008ae1   Thumb Code    20  __2printf.o(.text)
    _printf_str                              0x08008af9   Thumb Code    82  _printf_str.o(.text)
    _printf_int_dec                          0x08008b4d   Thumb Code   104  _printf_dec.o(.text)
    _printf_longlong_hex                     0x08008bc5   Thumb Code    86  _printf_hex_int_ll_ptr.o(.text)
    _printf_int_hex                          0x08008c1b   Thumb Code    28  _printf_hex_int_ll_ptr.o(.text)
    _printf_ll_hex                           0x08008c37   Thumb Code    12  _printf_hex_int_ll_ptr.o(.text)
    _printf_hex_ptr                          0x08008c43   Thumb Code    18  _printf_hex_int_ll_ptr.o(.text)
    __printf                                 0x08008c59   Thumb Code   388  __printf_flags_ss_wp.o(.text)
    strlen                                   0x08008de1   Thumb Code    62  strlen.o(.text)
    __use_two_region_memory                  0x08008e1f   Thumb Code     2  heapauxi.o(.text)
    __rt_heap_escrow$2region                 0x08008e21   Thumb Code     2  heapauxi.o(.text)
    __rt_heap_expand$2region                 0x08008e23   Thumb Code     2  heapauxi.o(.text)
    __I$use$semihosting                      0x08008e25   Thumb Code     0  use_no_semi.o(.text)
    __use_no_semihosting_swi                 0x08008e25   Thumb Code     2  use_no_semi.o(.text)
    _printf_pre_padding                      0x08008e27   Thumb Code    44  _printf_pad.o(.text)
    _printf_post_padding                     0x08008e53   Thumb Code    34  _printf_pad.o(.text)
    _printf_truncate_signed                  0x08008e75   Thumb Code    18  _printf_truncate.o(.text)
    _printf_truncate_unsigned                0x08008e87   Thumb Code    18  _printf_truncate.o(.text)
    _printf_int_common                       0x08008e99   Thumb Code   178  _printf_intcommon.o(.text)
    _printf_charcount                        0x08008f4b   Thumb Code    40  _printf_charcount.o(.text)
    _printf_char_common                      0x08008f7f   Thumb Code    32  _printf_char_common.o(.text)
    _sputc                                   0x08008fa5   Thumb Code    10  _sputc.o(.text)
    _printf_cs_common                        0x08008faf   Thumb Code    20  _printf_char.o(.text)
    _printf_char                             0x08008fc3   Thumb Code    16  _printf_char.o(.text)
    _printf_string                           0x08008fd3   Thumb Code     8  _printf_char.o(.text)
    _printf_char_file                        0x08008fdd   Thumb Code    32  _printf_char_file.o(.text)
    _printf_wctomb                           0x08009001   Thumb Code   182  _printf_wctomb.o(.text)
    _printf_longlong_dec                     0x080090bd   Thumb Code   108  _printf_longlong_dec.o(.text)
    _printf_longlong_oct                     0x08009139   Thumb Code    68  _printf_oct_int_ll.o(.text)
    _printf_int_oct                          0x0800917d   Thumb Code    24  _printf_oct_int_ll.o(.text)
    _printf_ll_oct                           0x08009195   Thumb Code    12  _printf_oct_int_ll.o(.text)
    _ll_udiv10                               0x080091a9   Thumb Code   138  lludiv10.o(.text)
    __lib_sel_fp_printf                      0x08009233   Thumb Code     2  _printf_fp_dec.o(.text)
    _printf_fp_dec_real                      0x080093e1   Thumb Code   620  _printf_fp_dec.o(.text)
    _printf_lcs_common                       0x0800964d   Thumb Code    20  _printf_wchar.o(.text)
    _printf_wchar                            0x08009661   Thumb Code    16  _printf_wchar.o(.text)
    _printf_wstring                          0x08009671   Thumb Code     8  _printf_wchar.o(.text)
    ferror                                   0x08009679   Thumb Code     8  ferror.o(.text)
    _wcrtomb                                 0x08009681   Thumb Code    64  _wcrtomb.o(.text)
    __user_setup_stackheap                   0x080096c1   Thumb Code    74  sys_stackheap_outer.o(.text)
    __rt_ctype_table                         0x0800970d   Thumb Code    16  rt_ctype_table.o(.text)
    __rt_locale                              0x0800971d   Thumb Code     8  rt_locale_intlibspace.o(.text)
    _printf_fp_infnan                        0x08009725   Thumb Code   112  _printf_fp_infnan.o(.text)
    _btod_etento                             0x080097a5   Thumb Code   216  bigflt0.o(.text)
    exit                                     0x08009881   Thumb Code    12  exit.o(.text)
    __user_libspace                          0x0800988d   Thumb Code     8  libspace.o(.text)
    __user_perproc_libspace                  0x0800988d   Thumb Code     0  libspace.o(.text)
    __user_perthread_libspace                0x0800988d   Thumb Code     0  libspace.o(.text)
    strcmp                                   0x08009895   Thumb Code   128  strcmpv7m.o(.text)
    _btod_d2e                                0x08009915   Thumb Code    62  btod.o(CL$$btod_d2e)
    _d2e_denorm_low                          0x08009953   Thumb Code    70  btod.o(CL$$btod_d2e_denorm_low)
    _d2e_norm_op1                            0x08009999   Thumb Code    96  btod.o(CL$$btod_d2e_norm_op1)
    __btod_div_common                        0x080099f9   Thumb Code   696  btod.o(CL$$btod_div_common)
    _e2e                                     0x08009d31   Thumb Code   198  btod.o(CL$$btod_e2e)
    _btod_ediv                               0x08009df7   Thumb Code    40  btod.o(CL$$btod_ediv)
    _btod_emul                               0x08009e1f   Thumb Code    40  btod.o(CL$$btod_emul)
    __btod_mult_common                       0x08009e47   Thumb Code   580  btod.o(CL$$btod_mult_common)
    __ARM_fpclassify                         0x0800a08b   Thumb Code    48  fpclassify.o(i.__ARM_fpclassify)
    _is_digit                                0x0800a0bb   Thumb Code    14  __printf_wp.o(i._is_digit)
    _get_lc_numeric                          0x0800a0c9   Thumb Code    44  lc_numeric_c.o(locale$$code)
    _get_lc_ctype                            0x0800a0f5   Thumb Code    44  lc_ctype_c.o(locale$$code)
    __aeabi_d2uiz                            0x0800a121   Thumb Code     0  dfixu.o(x$fpl$dfixu)
    _dfixu                                   0x0800a121   Thumb Code    90  dfixu.o(x$fpl$dfixu)
    __aeabi_ui2d                             0x0800a17b   Thumb Code     0  dflt_clz.o(x$fpl$dfltu)
    _dfltu                                   0x0800a17b   Thumb Code    38  dflt_clz.o(x$fpl$dfltu)
    __aeabi_dmul                             0x0800a1a1   Thumb Code     0  dmul.o(x$fpl$dmul)
    _dmul                                    0x0800a1a1   Thumb Code   332  dmul.o(x$fpl$dmul)
    __fpl_dnaninf                            0x0800a2f5   Thumb Code   156  dnaninf.o(x$fpl$dnaninf)
    __fpl_dretinf                            0x0800a391   Thumb Code    12  dretinf.o(x$fpl$dretinf)
    _fp_init                                 0x0800a39d   Thumb Code    10  fpinit.o(x$fpl$fpinit)
    __fplib_config_fpu_vfp                   0x0800a3a5   Thumb Code     0  fpinit.o(x$fpl$fpinit)
    __fplib_config_pureend_doubles           0x0800a3a5   Thumb Code     0  fpinit.o(x$fpl$fpinit)
    _printf_fp_dec                           0x0800a3a7   Thumb Code     4  printf1.o(x$fpl$printf1)
    __I$use$fp                               0x0800a3aa   Number         0  usenofp.o(x$fpl$usenofp)
    jpeg_img_size_tbl                        0x0800a3aa   Data          36  main.o(.constdata)
    asc2_1206                                0x0800a3ce   Data        1140  lcd.o(.constdata)
    asc2_1608                                0x0800a842   Data        1520  lcd.o(.constdata)
    asc2_2412                                0x0800ae32   Data        3420  lcd.o(.constdata)
    ov2640_sxga_init_reg_tbl                 0x0800bb8e   Data         356  ov2640.o(.constdata)
    ov2640_svga_init_reg_tbl                 0x0800bcf2   Data         354  ov2640.o(.constdata)
    ov2640_jpeg_reg_tbl                      0x0800be54   Data          14  ov2640.o(.constdata)
    ov2640_rgb565_reg_tbl                    0x0800be62   Data          28  ov2640.o(.constdata)
    ov2640_yuv422_reg_tbl                    0x0800be7e   Data          16  ov2640.o(.constdata)
    FSMC_DefaultTimingStruct                 0x0800beb8   Data          28  stm32f4xx_fsmc.o(.constdata)
    Region$$Table$$Base                      0x0800c024   Number         0  anon$$obj.o(Region$$Table)
    Region$$Table$$Limit                     0x0800c044   Number         0  anon$$obj.o(Region$$Table)
    __ctype                                  0x0800c06d   Data           0  lc_ctype_c.o(locale$$data)
    jpeg_data_len                            0x20000000   Data           4  main.o(.data)
    jpeg_data_ok                             0x20000004   Data           1  main.o(.data)
    EFFECTS_TBL                              0x20000008   Data          28  main.o(.data)
    JPEG_SIZE_TBL                            0x20000024   Data          36  main.o(.data)
    SystemCoreClock                          0x20000048   Data           4  system_stm32f4xx.o(.data)
    AHBPrescTable                            0x2000004c   Data          16  system_stm32f4xx.o(.data)
    POINT_COLOR                              0x2000005c   Data           2  lcd.o(.data)
    BACK_COLOR                               0x2000005e   Data           2  lcd.o(.data)
    ov_frame                                 0x20000060   Data           1  dcmi.o(.data)
    USART3_RX_STA                            0x20000062   Data           2  usart3.o(.data)
    __stdout                                 0x20000068   Data           4  usart.o(.data)
    USART_RX_STA                             0x2000006c   Data           2  usart.o(.data)
    jpeg_buf                                 0x20000080   Data       126976  main.o(.bss)
    lcddev                                   0x2001f080   Data          14  lcd.o(.bss)
    DCMI_InitStructure                       0x2001f08e   Data          14  dcmi.o(.bss)
    USART3_TX_BUF                            0x2001f0a0   Data         400  usart3.o(.bss)
    USART3_RX_BUF                            0x2001f230   Data         400  usart3.o(.bss)
    USART_RX_BUF                             0x2001f3c0   Data         200  usart.o(.bss)
    __libspace_start                         0x2001f488   Data          96  libspace.o(.bss)
    __temporary_stack_top$libspace           0x2001f4e8   Data           0  libspace.o(.bss)



==============================================================================

Memory Map of the image

  Image Entry point : 0x08000189

  Load Region LR_IROM1 (Base: 0x08000000, Size: 0x0000c1f0, Max: 0x00080000, ABSOLUTE)

    Execution Region ER_IROM1 (Base: 0x08000000, Size: 0x0000c170, Max: 0x00080000, ABSOLUTE)

    Base Addr    Size         Type   Attr      Idx    E Section Name        Object

    0x08000000   0x00000188   Data   RO          633    RESET               startup_stm32f40_41xxx.o
    0x08000188   0x00000008   Code   RO          890  * !!!main             c_w.l(__main.o)
    0x08000190   0x00000034   Code   RO         1170    !!!scatter          c_w.l(__scatter.o)
    0x080001c4   0x0000001a   Code   RO         1172    !!handler_copy      c_w.l(__scatter_copy.o)
    0x080001de   0x00000002   PAD
    0x080001e0   0x0000001c   Code   RO         1174    !!handler_zi        c_w.l(__scatter_zi.o)
    0x080001fc   0x00000000   Code   RO          883    .ARM.Collect$$_printf_percent$$00000000  c_w.l(_printf_percent.o)
    0x080001fc   0x00000006   Code   RO          935    .ARM.Collect$$_printf_percent$$00000001  c_w.l(_printf_n.o)
    0x08000202   0x00000006   Code   RO          936    .ARM.Collect$$_printf_percent$$00000002  c_w.l(_printf_p.o)
    0x08000208   0x00000006   Code   RO          940    .ARM.Collect$$_printf_percent$$00000003  c_w.l(_printf_f.o)
    0x0800020e   0x00000006   Code   RO          941    .ARM.Collect$$_printf_percent$$00000004  c_w.l(_printf_e.o)
    0x08000214   0x00000006   Code   RO          942    .ARM.Collect$$_printf_percent$$00000005  c_w.l(_printf_g.o)
    0x0800021a   0x00000006   Code   RO          943    .ARM.Collect$$_printf_percent$$00000006  c_w.l(_printf_a.o)
    0x08000220   0x0000000a   Code   RO          948    .ARM.Collect$$_printf_percent$$00000007  c_w.l(_printf_ll.o)
    0x0800022a   0x00000006   Code   RO          938    .ARM.Collect$$_printf_percent$$00000008  c_w.l(_printf_i.o)
    0x08000230   0x00000006   Code   RO          882    .ARM.Collect$$_printf_percent$$00000009  c_w.l(_printf_d.o)
    0x08000236   0x00000006   Code   RO          939    .ARM.Collect$$_printf_percent$$0000000A  c_w.l(_printf_u.o)
    0x0800023c   0x00000006   Code   RO          937    .ARM.Collect$$_printf_percent$$0000000B  c_w.l(_printf_o.o)
    0x08000242   0x00000006   Code   RO          881    .ARM.Collect$$_printf_percent$$0000000C  c_w.l(_printf_x.o)
    0x08000248   0x00000006   Code   RO          945    .ARM.Collect$$_printf_percent$$0000000D  c_w.l(_printf_lli.o)
    0x0800024e   0x00000006   Code   RO          946    .ARM.Collect$$_printf_percent$$0000000E  c_w.l(_printf_lld.o)
    0x08000254   0x00000006   Code   RO          947    .ARM.Collect$$_printf_percent$$0000000F  c_w.l(_printf_llu.o)
    0x0800025a   0x00000006   Code   RO          952    .ARM.Collect$$_printf_percent$$00000010  c_w.l(_printf_llo.o)
    0x08000260   0x00000006   Code   RO          953    .ARM.Collect$$_printf_percent$$00000011  c_w.l(_printf_llx.o)
    0x08000266   0x0000000a   Code   RO          949    .ARM.Collect$$_printf_percent$$00000012  c_w.l(_printf_l.o)
    0x08000270   0x00000006   Code   RO          934    .ARM.Collect$$_printf_percent$$00000013  c_w.l(_printf_c.o)
    0x08000276   0x00000006   Code   RO          880    .ARM.Collect$$_printf_percent$$00000014  c_w.l(_printf_s.o)
    0x0800027c   0x00000006   Code   RO          950    .ARM.Collect$$_printf_percent$$00000015  c_w.l(_printf_lc.o)
    0x08000282   0x00000006   Code   RO          951    .ARM.Collect$$_printf_percent$$00000016  c_w.l(_printf_ls.o)
    0x08000288   0x00000004   Code   RO          944    .ARM.Collect$$_printf_percent$$00000017  c_w.l(_printf_percent_end.o)
    0x0800028c   0x00000002   Code   RO         1036    .ARM.Collect$$libinit$$00000000  c_w.l(libinit.o)
    0x0800028e   0x00000004   Code   RO         1051    .ARM.Collect$$libinit$$00000001  c_w.l(libinit2.o)
    0x08000292   0x00000000   Code   RO         1054    .ARM.Collect$$libinit$$00000004  c_w.l(libinit2.o)
    0x08000292   0x00000000   Code   RO         1057    .ARM.Collect$$libinit$$0000000A  c_w.l(libinit2.o)
    0x08000292   0x00000000   Code   RO         1059    .ARM.Collect$$libinit$$0000000C  c_w.l(libinit2.o)
    0x08000292   0x00000000   Code   RO         1061    .ARM.Collect$$libinit$$0000000E  c_w.l(libinit2.o)
    0x08000292   0x00000006   Code   RO         1062    .ARM.Collect$$libinit$$0000000F  c_w.l(libinit2.o)
    0x08000298   0x00000000   Code   RO         1064    .ARM.Collect$$libinit$$00000011  c_w.l(libinit2.o)
    0x08000298   0x0000000c   Code   RO         1065    .ARM.Collect$$libinit$$00000012  c_w.l(libinit2.o)
    0x080002a4   0x00000000   Code   RO         1066    .ARM.Collect$$libinit$$00000013  c_w.l(libinit2.o)
    0x080002a4   0x00000000   Code   RO         1068    .ARM.Collect$$libinit$$00000015  c_w.l(libinit2.o)
    0x080002a4   0x0000000a   Code   RO         1069    .ARM.Collect$$libinit$$00000016  c_w.l(libinit2.o)
    0x080002ae   0x00000000   Code   RO         1070    .ARM.Collect$$libinit$$00000017  c_w.l(libinit2.o)
    0x080002ae   0x00000000   Code   RO         1072    .ARM.Collect$$libinit$$00000019  c_w.l(libinit2.o)
    0x080002ae   0x00000000   Code   RO         1074    .ARM.Collect$$libinit$$0000001B  c_w.l(libinit2.o)
    0x080002ae   0x00000000   Code   RO         1076    .ARM.Collect$$libinit$$0000001D  c_w.l(libinit2.o)
    0x080002ae   0x00000000   Code   RO         1078    .ARM.Collect$$libinit$$0000001F  c_w.l(libinit2.o)
    0x080002ae   0x00000000   Code   RO         1080    .ARM.Collect$$libinit$$00000021  c_w.l(libinit2.o)
    0x080002ae   0x00000000   Code   RO         1082    .ARM.Collect$$libinit$$00000023  c_w.l(libinit2.o)
    0x080002ae   0x00000000   Code   RO         1084    .ARM.Collect$$libinit$$00000025  c_w.l(libinit2.o)
    0x080002ae   0x00000000   Code   RO         1088    .ARM.Collect$$libinit$$0000002C  c_w.l(libinit2.o)
    0x080002ae   0x00000000   Code   RO         1090    .ARM.Collect$$libinit$$0000002E  c_w.l(libinit2.o)
    0x080002ae   0x00000000   Code   RO         1092    .ARM.Collect$$libinit$$00000030  c_w.l(libinit2.o)
    0x080002ae   0x00000000   Code   RO         1094    .ARM.Collect$$libinit$$00000032  c_w.l(libinit2.o)
    0x080002ae   0x00000002   Code   RO         1095    .ARM.Collect$$libinit$$00000033  c_w.l(libinit2.o)
    0x080002b0   0x00000002   Code   RO         1113    .ARM.Collect$$libshutdown$$00000000  c_w.l(libshutdown.o)
    0x080002b2   0x00000000   Code   RO         1124    .ARM.Collect$$libshutdown$$00000003  c_w.l(libshutdown2.o)
    0x080002b2   0x00000000   Code   RO         1127    .ARM.Collect$$libshutdown$$00000006  c_w.l(libshutdown2.o)
    0x080002b2   0x00000000   Code   RO         1130    .ARM.Collect$$libshutdown$$00000009  c_w.l(libshutdown2.o)
    0x080002b2   0x00000000   Code   RO         1132    .ARM.Collect$$libshutdown$$0000000B  c_w.l(libshutdown2.o)
    0x080002b2   0x00000000   Code   RO         1135    .ARM.Collect$$libshutdown$$0000000E  c_w.l(libshutdown2.o)
    0x080002b2   0x00000002   Code   RO         1136    .ARM.Collect$$libshutdown$$0000000F  c_w.l(libshutdown2.o)
    0x080002b4   0x00000000   Code   RO          906    .ARM.Collect$$rtentry$$00000000  c_w.l(__rtentry.o)
    0x080002b4   0x00000000   Code   RO          962    .ARM.Collect$$rtentry$$00000002  c_w.l(__rtentry2.o)
    0x080002b4   0x00000006   Code   RO          974    .ARM.Collect$$rtentry$$00000004  c_w.l(__rtentry4.o)
    0x080002ba   0x00000000   Code   RO          964    .ARM.Collect$$rtentry$$00000009  c_w.l(__rtentry2.o)
    0x080002ba   0x00000004   Code   RO          965    .ARM.Collect$$rtentry$$0000000A  c_w.l(__rtentry2.o)
    0x080002be   0x00000000   Code   RO          967    .ARM.Collect$$rtentry$$0000000C  c_w.l(__rtentry2.o)
    0x080002be   0x00000008   Code   RO          968    .ARM.Collect$$rtentry$$0000000D  c_w.l(__rtentry2.o)
    0x080002c6   0x00000002   Code   RO         1044    .ARM.Collect$$rtexit$$00000000  c_w.l(rtexit.o)
    0x080002c8   0x00000000   Code   RO         1097    .ARM.Collect$$rtexit$$00000002  c_w.l(rtexit2.o)
    0x080002c8   0x00000004   Code   RO         1098    .ARM.Collect$$rtexit$$00000003  c_w.l(rtexit2.o)
    0x080002cc   0x00000006   Code   RO         1099    .ARM.Collect$$rtexit$$00000004  c_w.l(rtexit2.o)
    0x080002d2   0x00000002   PAD
    0x080002d4   0x000001bc   Code   RO            3    .text               main.o
    0x08000490   0x0000001a   Code   RO          192    .text               stm32f4xx_it.o
    0x080004aa   0x00000002   PAD
    0x080004ac   0x00000210   Code   RO          241    .text               system_stm32f4xx.o
    0x080006bc   0x00000040   Code   RO          267    .text               led.o
    0x080006fc   0x00004c80   Code   RO          287    .text               lcd.o
    0x0800537c   0x000002a4   Code   RO          346    .text               dcmi.o
    0x08005620   0x000005e4   Code   RO          370    .text               ov2640.o
    0x08005c04   0x00000274   Code   RO          396    .text               sccb.o
    0x08005e78   0x00000084   Code   RO          416    .text               usart2.o
    0x08005efc   0x00000114   Code   RO          436    .text               timer.o
    0x08006010   0x00000188   Code   RO          457    .text               usart3.o
    0x08006198   0x000000d4   Code   RO          542    .text               moter.o
    0x0800626c   0x00000104   Code   RO          562    .text               delay.o
    0x08006370   0x00000148   Code   RO          602    .text               usart.o
    0x080064b8   0x00000040   Code   RO          634    .text               startup_stm32f40_41xxx.o
    0x080064f8   0x000000e0   Code   RO          640    .text               misc.o
    0x080065d8   0x0000018c   Code   RO          660    .text               stm32f4xx_dcmi.o
    0x08006764   0x00000294   Code   RO          680    .text               stm32f4xx_gpio.o
    0x080069f8   0x000005c8   Code   RO          700    .text               stm32f4xx_fsmc.o
    0x08006fc0   0x000003a8   Code   RO          723    .text               stm32f4xx_dma.o
    0x08007368   0x0000065c   Code   RO          743    .text               stm32f4xx_rcc.o
    0x080079c4   0x00000454   Code   RO          785    .text               stm32f4xx_usart.o
    0x08007e18   0x00000ca2   Code   RO          805    .text               stm32f4xx_tim.o
    0x08008aba   0x00000002   Code   RO          825    .text               c_w.l(use_no_semi_2.o)
    0x08008abc   0x00000024   Code   RO          827    .text               c_w.l(c89vsprintf.o)
    0x08008ae0   0x00000018   Code   RO          829    .text               c_w.l(__2printf.o)
    0x08008af8   0x00000052   Code   RO          835    .text               c_w.l(_printf_str.o)
    0x08008b4a   0x00000002   PAD
    0x08008b4c   0x00000078   Code   RO          837    .text               c_w.l(_printf_dec.o)
    0x08008bc4   0x00000094   Code   RO          857    .text               c_w.l(_printf_hex_int_ll_ptr.o)
    0x08008c58   0x00000188   Code   RO          877    .text               c_w.l(__printf_flags_ss_wp.o)
    0x08008de0   0x0000003e   Code   RO          886    .text               c_w.l(strlen.o)
    0x08008e1e   0x00000006   Code   RO          888    .text               c_w.l(heapauxi.o)
    0x08008e24   0x00000002   Code   RO          904    .text               c_w.l(use_no_semi.o)
    0x08008e26   0x0000004e   Code   RO          907    .text               c_w.l(_printf_pad.o)
    0x08008e74   0x00000024   Code   RO          909    .text               c_w.l(_printf_truncate.o)
    0x08008e98   0x000000b2   Code   RO          911    .text               c_w.l(_printf_intcommon.o)
    0x08008f4a   0x00000028   Code   RO          913    .text               c_w.l(_printf_charcount.o)
    0x08008f72   0x00000002   PAD
    0x08008f74   0x00000030   Code   RO          915    .text               c_w.l(_printf_char_common.o)
    0x08008fa4   0x0000000a   Code   RO          917    .text               c_w.l(_sputc.o)
    0x08008fae   0x0000002c   Code   RO          919    .text               c_w.l(_printf_char.o)
    0x08008fda   0x00000002   PAD
    0x08008fdc   0x00000024   Code   RO          921    .text               c_w.l(_printf_char_file.o)
    0x08009000   0x000000bc   Code   RO          923    .text               c_w.l(_printf_wctomb.o)
    0x080090bc   0x0000007c   Code   RO          926    .text               c_w.l(_printf_longlong_dec.o)
    0x08009138   0x00000070   Code   RO          932    .text               c_w.l(_printf_oct_int_ll.o)
    0x080091a8   0x0000008a   Code   RO          976    .text               c_w.l(lludiv10.o)
    0x08009232   0x0000041a   Code   RO          978    .text               c_w.l(_printf_fp_dec.o)
    0x0800964c   0x0000002c   Code   RO          982    .text               c_w.l(_printf_wchar.o)
    0x08009678   0x00000008   Code   RO          984    .text               c_w.l(ferror.o)
    0x08009680   0x00000040   Code   RO          988    .text               c_w.l(_wcrtomb.o)
    0x080096c0   0x0000004a   Code   RO          990    .text               c_w.l(sys_stackheap_outer.o)
    0x0800970a   0x00000002   PAD
    0x0800970c   0x00000010   Code   RO          992    .text               c_w.l(rt_ctype_table.o)
    0x0800971c   0x00000008   Code   RO          997    .text               c_w.l(rt_locale_intlibspace.o)
    0x08009724   0x00000080   Code   RO          999    .text               c_w.l(_printf_fp_infnan.o)
    0x080097a4   0x000000dc   Code   RO         1001    .text               c_w.l(bigflt0.o)
    0x08009880   0x0000000c   Code   RO         1029    .text               c_w.l(exit.o)
    0x0800988c   0x00000008   Code   RO         1041    .text               c_w.l(libspace.o)
    0x08009894   0x00000080   Code   RO         1049    .text               c_w.l(strcmpv7m.o)
    0x08009914   0x0000003e   Code   RO         1004    CL$$btod_d2e        c_w.l(btod.o)
    0x08009952   0x00000046   Code   RO         1006    CL$$btod_d2e_denorm_low  c_w.l(btod.o)
    0x08009998   0x00000060   Code   RO         1005    CL$$btod_d2e_norm_op1  c_w.l(btod.o)
    0x080099f8   0x00000338   Code   RO         1014    CL$$btod_div_common  c_w.l(btod.o)
    0x08009d30   0x000000c6   Code   RO         1011    CL$$btod_e2e        c_w.l(btod.o)
    0x08009df6   0x00000028   Code   RO         1008    CL$$btod_ediv       c_w.l(btod.o)
    0x08009e1e   0x00000028   Code   RO         1007    CL$$btod_emul       c_w.l(btod.o)
    0x08009e46   0x00000244   Code   RO         1013    CL$$btod_mult_common  c_w.l(btod.o)
    0x0800a08a   0x00000030   Code   RO         1039    i.__ARM_fpclassify  m_wm.l(fpclassify.o)
    0x0800a0ba   0x0000000e   Code   RO          870    i._is_digit         c_w.l(__printf_wp.o)
    0x0800a0c8   0x0000002c   Code   RO         1027    locale$$code        c_w.l(lc_numeric_c.o)
    0x0800a0f4   0x0000002c   Code   RO         1047    locale$$code        c_w.l(lc_ctype_c.o)
    0x0800a120   0x0000005a   Code   RO          892    x$fpl$dfixu         fz_wm.l(dfixu.o)
    0x0800a17a   0x00000026   Code   RO          896    x$fpl$dfltu         fz_wm.l(dflt_clz.o)
    0x0800a1a0   0x00000154   Code   RO          902    x$fpl$dmul          fz_wm.l(dmul.o)
    0x0800a2f4   0x0000009c   Code   RO          954    x$fpl$dnaninf       fz_wm.l(dnaninf.o)
    0x0800a390   0x0000000c   Code   RO          956    x$fpl$dretinf       fz_wm.l(dretinf.o)
    0x0800a39c   0x0000000a   Code   RO         1105    x$fpl$fpinit        fz_wm.l(fpinit.o)
    0x0800a3a6   0x00000004   Code   RO          958    x$fpl$printf1       fz_wm.l(printf1.o)
    0x0800a3aa   0x00000000   Code   RO          960    x$fpl$usenofp       fz_wm.l(usenofp.o)
    0x0800a3aa   0x00000024   Data   RO            5    .constdata          main.o
    0x0800a3ce   0x000017c0   Data   RO          289    .constdata          lcd.o
    0x0800bb8e   0x00000328   Data   RO          371    .constdata          ov2640.o
    0x0800beb6   0x00000002   PAD
    0x0800beb8   0x0000001c   Data   RO          701    .constdata          stm32f4xx_fsmc.o
    0x0800bed4   0x00000028   Data   RO          858    .constdata          c_w.l(_printf_hex_int_ll_ptr.o)
    0x0800befc   0x00000011   Data   RO          878    .constdata          c_w.l(__printf_flags_ss_wp.o)
    0x0800bf0d   0x00000003   PAD
    0x0800bf10   0x00000008   Data   RO          924    .constdata          c_w.l(_printf_wctomb.o)
    0x0800bf18   0x00000094   Data   RO         1002    .constdata          c_w.l(bigflt0.o)
    0x0800bfac   0x00000077   Data   RO            6    .conststring        main.o
    0x0800c023   0x00000001   PAD
    0x0800c024   0x00000020   Data   RO         1168    Region$$Table       anon$$obj.o
    0x0800c044   0x0000001c   Data   RO         1026    locale$$data        c_w.l(lc_numeric_c.o)
    0x0800c060   0x00000110   Data   RO         1046    locale$$data        c_w.l(lc_ctype_c.o)


    Execution Region RW_IRAM1 (Base: 0x20000000, Size: 0x0001fae8, Max: 0x00020000, ABSOLUTE)

    Base Addr    Size         Type   Attr      Idx    E Section Name        Object

    0x20000000   0x00000048   Data   RW            7    .data               main.o
    0x20000048   0x00000014   Data   RW          242    .data               system_stm32f4xx.o
    0x2000005c   0x00000004   Data   RW          290    .data               lcd.o
    0x20000060   0x00000001   Data   RW          348    .data               dcmi.o
    0x20000061   0x00000001   PAD
    0x20000062   0x00000002   Data   RW          459    .data               usart3.o
    0x20000064   0x00000004   Data   RW          563    .data               delay.o
    0x20000068   0x00000006   Data   RW          604    .data               usart.o
    0x2000006e   0x00000010   Data   RW          744    .data               stm32f4xx_rcc.o
    0x2000007e   0x00000002   PAD
    0x20000080   0x0001f000   Zero   RW            4    .bss                main.o
    0x2001f080   0x0000000e   Zero   RW          288    .bss                lcd.o
    0x2001f08e   0x0000000e   Zero   RW          347    .bss                dcmi.o
    0x2001f09c   0x00000004   PAD
    0x2001f0a0   0x00000320   Zero   RW          458    .bss                usart3.o
    0x2001f3c0   0x000000c8   Zero   RW          603    .bss                usart.o
    0x2001f488   0x00000060   Zero   RW         1042    .bss                c_w.l(libspace.o)
    0x2001f4e8   0x00000200   Zero   RW          632    HEAP                startup_stm32f40_41xxx.o
    0x2001f6e8   0x00000400   Zero   RW          631    STACK               startup_stm32f40_41xxx.o


==============================================================================

Image component sizes


      Code (inc. data)   RO Data    RW Data    ZI Data      Debug   Object Name

       676         38          0          1         14       2368   dcmi.o
       260          8          0          4          0       1433   delay.o
     19584        174       6080          4         14      22242   lcd.o
        64          4          0          0          0        523   led.o
       444         38        155         72     126976     308145   main.o
       224         20          0          0          0       1817   misc.o
       212         26          0          0          0        973   moter.o
      1508         66        808          0          0       5897   ov2640.o
       628         12          0          0          0       2027   sccb.o
        64         26        392          0       1536        836   startup_stm32f40_41xxx.o
       396          4          0          0          0       3458   stm32f4xx_dcmi.o
       936         32          0          0          0       6289   stm32f4xx_dma.o
      1480         18         28          0          0       5614   stm32f4xx_fsmc.o
       660         44          0          0          0       4093   stm32f4xx_gpio.o
        26          0          0          0          0       1222   stm32f4xx_it.o
      1628         52          0         16          0      12880   stm32f4xx_rcc.o
      3234         60          0          0          0      22296   stm32f4xx_tim.o
      1108         34          0          0          0       7792   stm32f4xx_usart.o
       528         46          0         20          0       1775   system_stm32f4xx.o
       276         28          0          0          0       1238   timer.o
       328         16          0          6        200       3282   usart.o
       132          8          0          0          0        722   usart2.o
       392         26          0          2        800       2558   usart3.o

    ----------------------------------------------------------------------
     34790        780       7498        128     129544     419480   Object Totals
         0          0         32          0          0          0   (incl. Generated)
         2          0          3          3          4          0   (incl. Padding)

    ----------------------------------------------------------------------

      Code (inc. data)   RO Data    RW Data    ZI Data      Debug   Library Member Name

        24          4          0          0          0         84   __2printf.o
         8          0          0          0          0         68   __main.o
       392          4         17          0          0         92   __printf_flags_ss_wp.o
        14          0          0          0          0         68   __printf_wp.o
         0          0          0          0          0          0   __rtentry.o
        12          0          0          0          0          0   __rtentry2.o
         6          0          0          0          0          0   __rtentry4.o
        52          8          0          0          0          0   __scatter.o
        26          0          0          0          0          0   __scatter_copy.o
        28          0          0          0          0          0   __scatter_zi.o
         6          0          0          0          0          0   _printf_a.o
         6          0          0          0          0          0   _printf_c.o
        44          0          0          0          0        108   _printf_char.o
        48          6          0          0          0         96   _printf_char_common.o
        36          4          0          0          0         80   _printf_char_file.o
        40          0          0          0          0         68   _printf_charcount.o
         6          0          0          0          0          0   _printf_d.o
       120         16          0          0          0         92   _printf_dec.o
         6          0          0          0          0          0   _printf_e.o
         6          0          0          0          0          0   _printf_f.o
      1050          0          0          0          0        216   _printf_fp_dec.o
       128         16          0          0          0         84   _printf_fp_infnan.o
         6          0          0          0          0          0   _printf_g.o
       148          4         40          0          0        160   _printf_hex_int_ll_ptr.o
         6          0          0          0          0          0   _printf_i.o
       178          0          0          0          0         88   _printf_intcommon.o
        10          0          0          0          0          0   _printf_l.o
         6          0          0          0          0          0   _printf_lc.o
        10          0          0          0          0          0   _printf_ll.o
         6          0          0          0          0          0   _printf_lld.o
         6          0          0          0          0          0   _printf_lli.o
         6          0          0          0          0          0   _printf_llo.o
         6          0          0          0          0          0   _printf_llu.o
         6          0          0          0          0          0   _printf_llx.o
       124         16          0          0          0         92   _printf_longlong_dec.o
         6          0          0          0          0          0   _printf_ls.o
         6          0          0          0          0          0   _printf_n.o
         6          0          0          0          0          0   _printf_o.o
       112          8          0          0          0        124   _printf_oct_int_ll.o
         6          0          0          0          0          0   _printf_p.o
        78          0          0          0          0        108   _printf_pad.o
         0          0          0          0          0          0   _printf_percent.o
         4          0          0          0          0          0   _printf_percent_end.o
         6          0          0          0          0          0   _printf_s.o
        82          0          0          0          0         80   _printf_str.o
        36          0          0          0          0         84   _printf_truncate.o
         6          0          0          0          0          0   _printf_u.o
        44          0          0          0          0        108   _printf_wchar.o
       188          6          8          0          0         92   _printf_wctomb.o
         6          0          0          0          0          0   _printf_x.o
        10          0          0          0          0         68   _sputc.o
        64          0          0          0          0         92   _wcrtomb.o
       220          4        148          0          0         96   bigflt0.o
      1910        128          0          0          0        672   btod.o
        36          4          0          0          0         76   c89vsprintf.o
        12          0          0          0          0         72   exit.o
         8          0          0          0          0         68   ferror.o
         6          0          0          0          0        152   heapauxi.o
        44         10        272          0          0         76   lc_ctype_c.o
        44         10         28          0          0         76   lc_numeric_c.o
         2          0          0          0          0          0   libinit.o
        34          0          0          0          0          0   libinit2.o
         2          0          0          0          0          0   libshutdown.o
         2          0          0          0          0          0   libshutdown2.o
         8          4          0          0         96         68   libspace.o
       138          0          0          0          0         80   lludiv10.o
        16          4          0          0          0         76   rt_ctype_table.o
         8          4          0          0          0         68   rt_locale_intlibspace.o
         2          0          0          0          0          0   rtexit.o
        10          0          0          0          0          0   rtexit2.o
       128          0          0          0          0         68   strcmpv7m.o
        62          0          0          0          0         76   strlen.o
        74          0          0          0          0         80   sys_stackheap_outer.o
         2          0          0          0          0         68   use_no_semi.o
         2          0          0          0          0         68   use_no_semi_2.o
        90          4          0          0          0        140   dfixu.o
        38          0          0          0          0        116   dflt_clz.o
       340         12          0          0          0        152   dmul.o
       156          4          0          0          0        140   dnaninf.o
        12          0          0          0          0        116   dretinf.o
        10          0          0          0          0        116   fpinit.o
         4          0          0          0          0        116   printf1.o
         0          0          0          0          0          0   usenofp.o
        48          0          0          0          0        124   fpclassify.o

    ----------------------------------------------------------------------
      6716        280        516          0         96       5112   Library Totals
        12          0          3          0          0          0   (incl. Padding)

    ----------------------------------------------------------------------

      Code (inc. data)   RO Data    RW Data    ZI Data      Debug   Library Name

      6006        260        513          0         96       4092   c_w.l
       650         20          0          0          0        896   fz_wm.l
        48          0          0          0          0        124   m_wm.l

    ----------------------------------------------------------------------
      6716        280        516          0         96       5112   Library Totals

    ----------------------------------------------------------------------

==============================================================================


      Code (inc. data)   RO Data    RW Data    ZI Data      Debug   

     41506       1060       8014        128     129640     417256   Grand Totals
     41506       1060       8014        128     129640     417256   ELF Image Totals
     41506       1060       8014        128          0          0   ROM Totals

==============================================================================

    Total RO  Size (Code + RO Data)                49520 (  48.36kB)
    Total RW  Size (RW Data + ZI Data)            129768 ( 126.73kB)
    Total ROM Size (Code + RO Data + RW Data)      49648 (  48.48kB)

==============================================================================

